"../../../Engine/Content/EditorResources/S_Actor.ubulk" 0
"../../../Engine/Content/EditorResources/S_Actor.uasset" 1
"../../../Engine/Content/EditorResources/S_Actor.uexp" 2
"../../../Engine/Content/EditorResources/S_BoxReflectionCapture.uasset" 3
"../../../Engine/Content/EditorResources/S_BoxReflectionCapture.uexp" 4
"../../../Engine/Content/EngineResources/DefaultTexture.ubulk" 5
"../../../Engine/Content/EngineResources/DefaultTexture.uasset" 6
"../../../Engine/Content/EngineResources/DefaultTexture.uexp" 7
"../../../Engine/Content/EngineResources/DefaultTextureCube.uasset" 8
"../../../Engine/Content/EngineResources/DefaultTextureCube.uexp" 9
"../../../Engine/Content/EngineResources/DefaultVolumeTexture2D.uasset" 10
"../../../Engine/Content/EngineResources/DefaultVolumeTexture2D.uexp" 11
"../../../Engine/Content/EngineResources/DefaultVolumeTexture.uasset" 12
"../../../Engine/Content/EngineResources/DefaultVolumeTexture.uexp" 13
"../../../Engine/Content/EditorResources/S_Trigger.ubulk" 14
"../../../Engine/Content/EditorResources/S_Trigger.uasset" 15
"../../../Engine/Content/EditorResources/S_Trigger.uexp" 16
"../../../Engine/Content/EditorResources/S_TriggerBox.uasset" 17
"../../../Engine/Content/EditorResources/S_TriggerBox.uexp" 18
"../../../Engine/Content/EditorResources/S_TriggerCapsule.uasset" 19
"../../../Engine/Content/EditorResources/S_TriggerCapsule.uexp" 20
"../../../Engine/Content/EditorResources/S_TriggerSphere.uasset" 21
"../../../Engine/Content/EditorResources/S_TriggerSphere.uexp" 22
"../../../Engine/Content/EngineMeshes/Sphere.uasset" 23
"../../../Engine/Content/EngineMeshes/Sphere.uexp" 24
"../../../Engine/Content/EngineResources/GradientTexture0.uasset" 25
"../../../Engine/Content/EngineResources/GradientTexture0.uexp" 26
"../../../Engine/Content/EngineResources/Black.uasset" 27
"../../../Engine/Content/EngineResources/Black.uexp" 28
"../../../Engine/Content/VREditor/LaserPointer/VR_LaserPower_01.ubulk" 29
"../../../Engine/Content/VREditor/LaserPointer/VR_LaserPower_01.uasset" 30
"../../../Engine/Content/VREditor/LaserPointer/VR_LaserPower_01.uexp" 31
"../../../Engine/Content/VREditor/TransformGizmo/TransformGizmoMaterial.uasset" 32
"../../../Engine/Content/VREditor/TransformGizmo/TransformGizmoMaterial.uexp" 33
"../../../Engine/Content/VREditor/TransformGizmo/TranslucentTransformGizmoMaterial.uasset" 34
"../../../Engine/Content/VREditor/TransformGizmo/TranslucentTransformGizmoMaterial.uexp" 35
"../../../Engine/Content/VREditor/TransformGizmo/BoundingBoxCorner.uasset" 36
"../../../Engine/Content/VREditor/TransformGizmo/BoundingBoxCorner.uexp" 37
"../../../Engine/Content/VREditor/TransformGizmo/BoundingBoxEdge.uasset" 38
"../../../Engine/Content/VREditor/TransformGizmo/BoundingBoxEdge.uexp" 39
"../../../Engine/Content/VREditor/TransformGizmo/Main.uasset" 40
"../../../Engine/Content/VREditor/TransformGizmo/Main.uexp" 41
"../../../Engine/Content/VREditor/TransformGizmo/Xray.uasset" 42
"../../../Engine/Content/VREditor/TransformGizmo/Xray.uexp" 43
"../../../Engine/Content/VREditor/TransformGizmo/SM_Sequencer_Node.uasset" 44
"../../../Engine/Content/VREditor/TransformGizmo/SM_Sequencer_Node.uexp" 45
"../../../Engine/Content/EditorResources/S_Solver.ubulk" 46
"../../../Engine/Content/EditorResources/S_Solver.uasset" 47
"../../../Engine/Content/EditorResources/S_Solver.uexp" 48
"../../../Engine/Content/EditorMaterials/Camera/CineMat.uasset" 49
"../../../Engine/Content/EditorMaterials/Camera/CineMat.uexp" 50
"../../../Engine/Content/EditorMaterials/Camera/MI_CineMat_Rig.uasset" 51
"../../../Engine/Content/EditorMaterials/Camera/MI_CineMat_Rig.uexp" 52
"../../../Engine/Content/EditorMeshes/Camera/SM_CraneRig_Base.uasset" 53
"../../../Engine/Content/EditorMeshes/Camera/SM_CraneRig_Base.uexp" 54
"../../../Engine/Content/EditorMeshes/Camera/SM_CraneRig_Arm.uasset" 55
"../../../Engine/Content/EditorMeshes/Camera/SM_CraneRig_Arm.uexp" 56
"../../../Engine/Content/EditorMeshes/Camera/SM_CraneRig_Mount.uasset" 57
"../../../Engine/Content/EditorMeshes/Camera/SM_CraneRig_Mount.uexp" 58
"../../../Engine/Content/EditorMeshes/Camera/SM_CraneRig_Body.uasset" 59
"../../../Engine/Content/EditorMeshes/Camera/SM_CraneRig_Body.uexp" 60
"../../../Engine/Content/EditorMeshes/Camera/SM_RailRig_Track.uasset" 61
"../../../Engine/Content/EditorMeshes/Camera/SM_RailRig_Track.uexp" 62
"../../../Engine/Content/EditorMeshes/Camera/SM_RailRig_Mount.uasset" 63
"../../../Engine/Content/EditorMeshes/Camera/SM_RailRig_Mount.uexp" 64
"../../../Engine/Content/EngineMaterials/T_Default_Material_Grid_M.ubulk" 65
"../../../Engine/Content/EngineMaterials/T_Default_Material_Grid_M.uasset" 66
"../../../Engine/Content/EngineMaterials/T_Default_Material_Grid_M.uexp" 67
"../../../Engine/Content/EngineMaterials/T_Default_Material_Grid_N.ubulk" 68
"../../../Engine/Content/EngineMaterials/T_Default_Material_Grid_N.uasset" 69
"../../../Engine/Content/EngineMaterials/T_Default_Material_Grid_N.uexp" 70
"../../../Engine/Content/Functions/Engine_MaterialFunctions01/Opacity/CameraDepthFade.uasset" 71
"../../../Engine/Content/Functions/Engine_MaterialFunctions01/Opacity/CameraDepthFade.uexp" 72
"../../../Engine/Content/EngineMaterials/WorldGridMaterial.uasset" 73
"../../../Engine/Content/EngineMaterials/WorldGridMaterial.uexp" 74
"../../../Engine/Content/ArtTools/RenderToTexture/Meshes/S_1_Unit_Plane.uasset" 75
"../../../Engine/Content/ArtTools/RenderToTexture/Meshes/S_1_Unit_Plane.uexp" 76
"../../../Engine/Content/EditorMaterials/ParticleSystems/PSysThumbnail_NoImage.ubulk" 77
"../../../Engine/Content/EditorMaterials/ParticleSystems/PSysThumbnail_NoImage.uasset" 78
"../../../Engine/Content/EditorMaterials/ParticleSystems/PSysThumbnail_NoImage.uexp" 79
"../../../Engine/Content/EditorMaterials/ParticleSystems/PSysThumbnail_OOD.ubulk" 80
"../../../Engine/Content/EditorMaterials/ParticleSystems/PSysThumbnail_OOD.uasset" 81
"../../../Engine/Content/EditorMaterials/ParticleSystems/PSysThumbnail_OOD.uexp" 82
"../../../Engine/Content/EditorLandscapeResources/SplineEditorMeshMat.uasset" 83
"../../../Engine/Content/EditorLandscapeResources/SplineEditorMeshMat.uexp" 84
"../../../Engine/Content/EditorLandscapeResources/SplineEditorMesh.uasset" 85
"../../../Engine/Content/EditorLandscapeResources/SplineEditorMesh.uexp" 86
"../../../Engine/Plugins/Media/MediaPlate/Content/SM_MediaPlateScreen.uasset" 87
"../../../Engine/Plugins/Media/MediaPlate/Content/SM_MediaPlateScreen.uexp" 88
"../../../Engine/Content/EngineMaterials/DefaultBokeh.uasset" 89
"../../../Engine/Content/EngineMaterials/DefaultBokeh.uexp" 90
"../../../Engine/Content/EngineMaterials/MiniFont.uasset" 91
"../../../Engine/Content/EngineMaterials/MiniFont.uexp" 92
"../../../Engine/Content/EngineMaterials/WeightMapPlaceholderTexture.uasset" 93
"../../../Engine/Content/EngineMaterials/WeightMapPlaceholderTexture.uexp" 94
"../../../Engine/Content/EngineMaterials/WeightMapArrayPlaceholderTexture.uasset" 95
"../../../Engine/Content/EngineMaterials/WeightMapArrayPlaceholderTexture.uexp" 96
"../../../Engine/Content/EngineMaterials/DefaultWhiteGrid.ubulk" 97
"../../../Engine/Content/EngineMaterials/DefaultWhiteGrid.uasset" 98
"../../../Engine/Content/EngineMaterials/DefaultWhiteGrid.uexp" 99
"../../../Engine/Content/EngineMaterials/PreintegratedSkinBRDF.uasset" 100
"../../../Engine/Content/EngineMaterials/PreintegratedSkinBRDF.uexp" 101
"../../../Engine/Plugins/Runtime/MeshModelingToolset/Content/Materials/M_DynamicMeshComponentVtxColor.uasset" 102
"../../../Engine/Plugins/Runtime/MeshModelingToolset/Content/Materials/M_DynamicMeshComponentVtxColor.uexp" 103
"../../../Engine/Plugins/Interchange/Runtime/Content/Pipelines/DefaultTexturePipeline.uasset" 104
"../../../Engine/Plugins/Interchange/Runtime/Content/Pipelines/DefaultTexturePipeline.uexp" 105
"../../../Engine/Plugins/Interchange/Runtime/Content/Pipelines/DefaultSceneLevelPipeline.uasset" 106
"../../../Engine/Plugins/Interchange/Runtime/Content/Pipelines/DefaultSceneLevelPipeline.uexp" 107
"../../../Engine/Plugins/Interchange/Runtime/Content/Pipelines/DefaultSceneAssetsPipeline.uasset" 108
"../../../Engine/Plugins/Interchange/Runtime/Content/Pipelines/DefaultSceneAssetsPipeline.uexp" 109
"../../../Engine/Plugins/Interchange/Runtime/Content/Pipelines/DefaultMaterialXPipeline.uasset" 110
"../../../Engine/Plugins/Interchange/Runtime/Content/Pipelines/DefaultMaterialXPipeline.uexp" 111
"../../../Engine/Plugins/Interchange/Runtime/Content/Pipelines/DefaultMaterialPipeline.uasset" 112
"../../../Engine/Plugins/Interchange/Runtime/Content/Pipelines/DefaultMaterialPipeline.uexp" 113
"../../../Engine/Plugins/Interchange/Runtime/Content/Pipelines/DefaultGLTFSceneAssetsPipeline.uasset" 114
"../../../Engine/Plugins/Interchange/Runtime/Content/Pipelines/DefaultGLTFSceneAssetsPipeline.uexp" 115
"../../../Engine/Plugins/Interchange/Runtime/Content/Pipelines/DefaultGLTFPipeline.uasset" 116
"../../../Engine/Plugins/Interchange/Runtime/Content/Pipelines/DefaultGLTFPipeline.uexp" 117
"../../../Engine/Plugins/Interchange/Runtime/Content/Pipelines/DefaultGLTFAssetsPipeline.uasset" 118
"../../../Engine/Plugins/Interchange/Runtime/Content/Pipelines/DefaultGLTFAssetsPipeline.uexp" 119
"../../../Engine/Plugins/Interchange/Runtime/Content/Pipelines/DefaultAssetsPipeline.uasset" 120
"../../../Engine/Plugins/Interchange/Runtime/Content/Pipelines/DefaultAssetsPipeline.uexp" 121
"../../../Engine/Plugins/Interchange/Runtime/Content/gltf/MaterialFunctions/MF_RotateV2.uasset" 122
"../../../Engine/Plugins/Interchange/Runtime/Content/gltf/MaterialFunctions/MF_RotateV2.uexp" 123
"../../../Engine/Plugins/Interchange/Runtime/Content/gltf/MaterialFunctions/MF_TransformUVs.uasset" 124
"../../../Engine/Plugins/Interchange/Runtime/Content/gltf/MaterialFunctions/MF_TransformUVs.uexp" 125
"../../../Engine/Plugins/Interchange/Runtime/Content/gltf/Textures/T_White_srgb.uasset" 126
"../../../Engine/Plugins/Interchange/Runtime/Content/gltf/Textures/T_White_srgb.uexp" 127
"../../../Engine/Plugins/Interchange/Runtime/Content/gltf/MaterialFunctions/MF_BaseColor.uasset" 128
"../../../Engine/Plugins/Interchange/Runtime/Content/gltf/MaterialFunctions/MF_BaseColor.uexp" 129
"../../../Engine/Plugins/Interchange/Runtime/Content/gltf/MaterialBodies/MF_Unlit_Body.uasset" 130
"../../../Engine/Plugins/Interchange/Runtime/Content/gltf/MaterialBodies/MF_Unlit_Body.uexp" 131
"../../../Engine/Plugins/Interchange/Runtime/Content/gltf/M_Unlit.uasset" 132
"../../../Engine/Plugins/Interchange/Runtime/Content/gltf/M_Unlit.uexp" 133
"../../../Engine/Plugins/Interchange/Runtime/Content/gltf/MaterialInstances/MI_Unlit_Opaque_DS.uasset" 134
"../../../Engine/Plugins/Interchange/Runtime/Content/gltf/MaterialInstances/MI_Unlit_Opaque_DS.uexp" 135
"../../../Engine/Plugins/Interchange/Runtime/Content/gltf/MaterialInstances/MI_Unlit_Opaque.uasset" 136
"../../../Engine/Plugins/Interchange/Runtime/Content/gltf/MaterialInstances/MI_Unlit_Opaque.uexp" 137
"../../../Engine/Plugins/Interchange/Runtime/Content/gltf/MaterialInstances/MI_Unlit_Mask_DS.uasset" 138
"../../../Engine/Plugins/Interchange/Runtime/Content/gltf/MaterialInstances/MI_Unlit_Mask_DS.uexp" 139
"../../../Engine/Plugins/Interchange/Runtime/Content/gltf/MaterialInstances/MI_Unlit_Mask.uasset" 140
"../../../Engine/Plugins/Interchange/Runtime/Content/gltf/MaterialInstances/MI_Unlit_Mask.uexp" 141
"../../../Engine/Plugins/Interchange/Runtime/Content/gltf/MaterialInstances/MI_Unlit_Blend_DS.uasset" 142
"../../../Engine/Plugins/Interchange/Runtime/Content/gltf/MaterialInstances/MI_Unlit_Blend_DS.uexp" 143
"../../../Engine/Plugins/Interchange/Runtime/Content/gltf/MaterialInstances/MI_Unlit_Blend.uasset" 144
"../../../Engine/Plugins/Interchange/Runtime/Content/gltf/MaterialInstances/MI_Unlit_Blend.uexp" 145
"../../../Engine/Content/Functions/Engine_MaterialFunctions02/Utility/BreakOutFloat3Components.uasset" 146
"../../../Engine/Content/Functions/Engine_MaterialFunctions02/Utility/BreakOutFloat3Components.uexp" 147
"../../../Engine/Content/Functions/Engine_MaterialFunctions02/Math/Transform3x3Matrix.uasset" 148
"../../../Engine/Content/Functions/Engine_MaterialFunctions02/Math/Transform3x3Matrix.uexp" 149
"../../../Engine/Content/Functions/Engine_MaterialFunctions02/Utility/CameraDirectionVector.uasset" 150
"../../../Engine/Content/Functions/Engine_MaterialFunctions02/Utility/CameraDirectionVector.uexp" 151
"../../../Engine/Plugins/Interchange/Runtime/Content/Utilities/New_LUT.uasset" 152
"../../../Engine/Plugins/Interchange/Runtime/Content/Utilities/New_LUT.uexp" 153
"../../../Engine/Content/Functions/Engine_MaterialFunctions03/Math/RemapValueRange.uasset" 154
"../../../Engine/Content/Functions/Engine_MaterialFunctions03/Math/RemapValueRange.uexp" 155
"../../../Engine/Plugins/Interchange/Runtime/Content/Functions/MF_Iridescence.uasset" 156
"../../../Engine/Plugins/Interchange/Runtime/Content/Functions/MF_Iridescence.uexp" 157
"../../../Engine/Plugins/Interchange/Runtime/Content/gltf/MaterialFunctions/MF_Iridescence.uasset" 158
"../../../Engine/Plugins/Interchange/Runtime/Content/gltf/MaterialFunctions/MF_Iridescence.uexp" 159
"../../../Engine/Plugins/Interchange/Runtime/Content/gltf/Textures/T_White_Linear.uasset" 160
"../../../Engine/Plugins/Interchange/Runtime/Content/gltf/Textures/T_White_Linear.uexp" 161
"../../../Engine/Plugins/Interchange/Runtime/Content/gltf/MaterialFunctions/MF_MetallicRoughness.uasset" 162
"../../../Engine/Plugins/Interchange/Runtime/Content/gltf/MaterialFunctions/MF_MetallicRoughness.uexp" 163
"../../../Engine/Plugins/Interchange/Runtime/Content/gltf/MaterialFunctions/MF_Transmission.uasset" 164
"../../../Engine/Plugins/Interchange/Runtime/Content/gltf/MaterialFunctions/MF_Transmission.uexp" 165
"../../../Engine/Plugins/Interchange/Runtime/Content/gltf/MaterialFunctions/MF_Occlusion.uasset" 166
"../../../Engine/Plugins/Interchange/Runtime/Content/gltf/MaterialFunctions/MF_Occlusion.uexp" 167
"../../../Engine/Content/EngineMaterials/Good64x64TilingNoiseHighFreq.uasset" 168
"../../../Engine/Content/EngineMaterials/Good64x64TilingNoiseHighFreq.uexp" 169
"../../../Engine/Content/Functions/Engine_MaterialFunctions02/Texturing/ScreenAlignedPixelToPixelUVs.uasset" 170
"../../../Engine/Content/Functions/Engine_MaterialFunctions02/Texturing/ScreenAlignedPixelToPixelUVs.uexp" 171
"../../../Engine/Plugins/Interchange/Runtime/Content/gltf/MaterialFunctions/MF_Temporal_Blur.uasset" 172
"../../../Engine/Plugins/Interchange/Runtime/Content/gltf/MaterialFunctions/MF_Temporal_Blur.uexp" 173
"../../../Engine/Plugins/Interchange/Runtime/Content/gltf/MaterialFunctions/MF_Specular.uasset" 174
"../../../Engine/Plugins/Interchange/Runtime/Content/gltf/MaterialFunctions/MF_Specular.uexp" 175
"../../../Engine/Plugins/Interchange/Runtime/Content/gltf/MaterialFunctions/MF_IOR.uasset" 176
"../../../Engine/Plugins/Interchange/Runtime/Content/gltf/MaterialFunctions/MF_IOR.uexp" 177
"../../../Engine/Plugins/Interchange/Runtime/Content/gltf/MaterialFunctions/MF_Fresnel_DS.uasset" 178
"../../../Engine/Plugins/Interchange/Runtime/Content/gltf/MaterialFunctions/MF_Fresnel_DS.uexp" 179
"../../../Engine/Content/Functions/Engine_MaterialFunctions02/Utility/MakeFloat3.uasset" 180
"../../../Engine/Content/Functions/Engine_MaterialFunctions02/Utility/MakeFloat3.uexp" 181
"../../../Engine/Plugins/Interchange/Runtime/Content/gltf/MaterialFunctions/MF_RotateNormals_TS.uasset" 182
"../../../Engine/Plugins/Interchange/Runtime/Content/gltf/MaterialFunctions/MF_RotateNormals_TS.uexp" 183
"../../../Engine/Plugins/Interchange/Runtime/Content/gltf/Textures/T_Generic_N.uasset" 184
"../../../Engine/Plugins/Interchange/Runtime/Content/gltf/Textures/T_Generic_N.uexp" 185
"../../../Engine/Plugins/Interchange/Runtime/Content/gltf/MaterialFunctions/MF_Normals.uasset" 186
"../../../Engine/Plugins/Interchange/Runtime/Content/gltf/MaterialFunctions/MF_Normals.uexp" 187
"../../../Engine/Plugins/Interchange/Runtime/Content/gltf/MaterialBodies/MF_Transmission_Body.uasset" 188
"../../../Engine/Plugins/Interchange/Runtime/Content/gltf/MaterialBodies/MF_Transmission_Body.uexp" 189
"../../../Engine/Plugins/Interchange/Runtime/Content/gltf/M_Transmission.uasset" 190
"../../../Engine/Plugins/Interchange/Runtime/Content/gltf/M_Transmission.uexp" 191
"../../../Engine/Plugins/Interchange/Runtime/Content/gltf/MaterialInstances/MI_Transmission_DS.uasset" 192
"../../../Engine/Plugins/Interchange/Runtime/Content/gltf/MaterialInstances/MI_Transmission_DS.uexp" 193
"../../../Engine/Plugins/Interchange/Runtime/Content/gltf/MaterialInstances/MI_Transmission.uasset" 194
"../../../Engine/Plugins/Interchange/Runtime/Content/gltf/MaterialInstances/MI_Transmission.uexp" 195
"../../../Engine/Plugins/Interchange/Runtime/Content/gltf/MaterialFunctions/MF_DiffuseSpecGloss.uasset" 196
"../../../Engine/Plugins/Interchange/Runtime/Content/gltf/MaterialFunctions/MF_DiffuseSpecGloss.uexp" 197
"../../../Engine/Content/Functions/Engine_MaterialFunctions02/Math/AddComponents.uasset" 198
"../../../Engine/Content/Functions/Engine_MaterialFunctions02/Math/AddComponents.uexp" 199
"../../../Engine/Plugins/Interchange/Runtime/Content/gltf/MaterialFunctions/MF_PerceivedBrightness.uasset" 200
"../../../Engine/Plugins/Interchange/Runtime/Content/gltf/MaterialFunctions/MF_PerceivedBrightness.uexp" 201
"../../../Engine/Plugins/Interchange/Runtime/Content/gltf/MaterialFunctions/MF_Emissive.uasset" 202
"../../../Engine/Plugins/Interchange/Runtime/Content/gltf/MaterialFunctions/MF_Emissive.uexp" 203
"../../../Engine/Plugins/Interchange/Runtime/Content/gltf/MaterialFunctions/MF_SpecGlossToMetalRoughness.uasset" 204
"../../../Engine/Plugins/Interchange/Runtime/Content/gltf/MaterialFunctions/MF_SpecGlossToMetalRoughness.uexp" 205
"../../../Engine/Plugins/Interchange/Runtime/Content/gltf/MaterialBodies/MF_SpecularGlossiness_Body.uasset" 206
"../../../Engine/Plugins/Interchange/Runtime/Content/gltf/MaterialBodies/MF_SpecularGlossiness_Body.uexp" 207
"../../../Engine/Plugins/Interchange/Runtime/Content/gltf/M_SpecularGlossiness.uasset" 208
"../../../Engine/Plugins/Interchange/Runtime/Content/gltf/M_SpecularGlossiness.uexp" 209
"../../../Engine/Plugins/Interchange/Runtime/Content/gltf/MaterialInstances/MI_SpecularGlossiness_Opaque_DS.uasset" 210
"../../../Engine/Plugins/Interchange/Runtime/Content/gltf/MaterialInstances/MI_SpecularGlossiness_Opaque_DS.uexp" 211
"../../../Engine/Plugins/Interchange/Runtime/Content/gltf/MaterialInstances/MI_SpecularGlossiness_Opaque.uasset" 212
"../../../Engine/Plugins/Interchange/Runtime/Content/gltf/MaterialInstances/MI_SpecularGlossiness_Opaque.uexp" 213
"../../../Engine/Plugins/Interchange/Runtime/Content/gltf/MaterialInstances/MI_SpecularGlossiness_Mask_DS.uasset" 214
"../../../Engine/Plugins/Interchange/Runtime/Content/gltf/MaterialInstances/MI_SpecularGlossiness_Mask_DS.uexp" 215
"../../../Engine/Plugins/Interchange/Runtime/Content/gltf/MaterialInstances/MI_SpecularGlossiness_Mask.uasset" 216
"../../../Engine/Plugins/Interchange/Runtime/Content/gltf/MaterialInstances/MI_SpecularGlossiness_Mask.uexp" 217
"../../../Engine/Plugins/Interchange/Runtime/Content/gltf/MaterialInstances/MI_SpecularGlossiness_Blend_DS.uasset" 218
"../../../Engine/Plugins/Interchange/Runtime/Content/gltf/MaterialInstances/MI_SpecularGlossiness_Blend_DS.uexp" 219
"../../../Engine/Plugins/Interchange/Runtime/Content/gltf/MaterialInstances/MI_SpecularGlossiness_Blend.uasset" 220
"../../../Engine/Plugins/Interchange/Runtime/Content/gltf/MaterialInstances/MI_SpecularGlossiness_Blend.uexp" 221
"../../../Engine/Plugins/Interchange/Runtime/Content/gltf/MaterialFunctions/MF_Sheen.uasset" 222
"../../../Engine/Plugins/Interchange/Runtime/Content/gltf/MaterialFunctions/MF_Sheen.uexp" 223
"../../../Engine/Plugins/Interchange/Runtime/Content/gltf/MaterialBodies/MF_Sheen_Body.uasset" 224
"../../../Engine/Plugins/Interchange/Runtime/Content/gltf/MaterialBodies/MF_Sheen_Body.uexp" 225
"../../../Engine/Plugins/Interchange/Runtime/Content/gltf/M_Sheen.uasset" 226
"../../../Engine/Plugins/Interchange/Runtime/Content/gltf/M_Sheen.uexp" 227
"../../../Engine/Plugins/Interchange/Runtime/Content/gltf/MaterialInstances/MI_Sheen_Opaque_DS.uasset" 228
"../../../Engine/Plugins/Interchange/Runtime/Content/gltf/MaterialInstances/MI_Sheen_Opaque_DS.uexp" 229
"../../../Engine/Plugins/Interchange/Runtime/Content/gltf/MaterialInstances/MI_Sheen_Opaque.uasset" 230
"../../../Engine/Plugins/Interchange/Runtime/Content/gltf/MaterialInstances/MI_Sheen_Opaque.uexp" 231
"../../../Engine/Plugins/Interchange/Runtime/Content/gltf/MaterialInstances/MI_Sheen_Mask_DS.uasset" 232
"../../../Engine/Plugins/Interchange/Runtime/Content/gltf/MaterialInstances/MI_Sheen_Mask_DS.uexp" 233
"../../../Engine/Plugins/Interchange/Runtime/Content/gltf/MaterialInstances/MI_Sheen_Mask.uasset" 234
"../../../Engine/Plugins/Interchange/Runtime/Content/gltf/MaterialInstances/MI_Sheen_Mask.uexp" 235
"../../../Engine/Plugins/Interchange/Runtime/Content/gltf/MaterialInstances/MI_Sheen_Blend_DS.uasset" 236
"../../../Engine/Plugins/Interchange/Runtime/Content/gltf/MaterialInstances/MI_Sheen_Blend_DS.uexp" 237
"../../../Engine/Plugins/Interchange/Runtime/Content/gltf/MaterialInstances/MI_Sheen_Blend.uasset" 238
"../../../Engine/Plugins/Interchange/Runtime/Content/gltf/MaterialInstances/MI_Sheen_Blend.uexp" 239
"../../../Engine/Plugins/Interchange/Runtime/Content/gltf/MaterialBodies/MF_Default_Body.uasset" 240
"../../../Engine/Plugins/Interchange/Runtime/Content/gltf/MaterialBodies/MF_Default_Body.uexp" 241
"../../../Engine/Plugins/Interchange/Runtime/Content/gltf/M_Default.uasset" 242
"../../../Engine/Plugins/Interchange/Runtime/Content/gltf/M_Default.uexp" 243
"../../../Engine/Plugins/Interchange/Runtime/Content/gltf/MaterialInstances/MI_Default_Opaque_DS.uasset" 244
"../../../Engine/Plugins/Interchange/Runtime/Content/gltf/MaterialInstances/MI_Default_Opaque_DS.uexp" 245
"../../../Engine/Plugins/Interchange/Runtime/Content/gltf/MaterialInstances/MI_Default_Opaque.uasset" 246
"../../../Engine/Plugins/Interchange/Runtime/Content/gltf/MaterialInstances/MI_Default_Opaque.uexp" 247
"../../../Engine/Plugins/Interchange/Runtime/Content/gltf/MaterialInstances/MI_Default_Mask_DS.uasset" 248
"../../../Engine/Plugins/Interchange/Runtime/Content/gltf/MaterialInstances/MI_Default_Mask_DS.uexp" 249
"../../../Engine/Plugins/Interchange/Runtime/Content/gltf/MaterialInstances/MI_Default_Mask.uasset" 250
"../../../Engine/Plugins/Interchange/Runtime/Content/gltf/MaterialInstances/MI_Default_Mask.uexp" 251
"../../../Engine/Plugins/Interchange/Runtime/Content/gltf/MaterialInstances/MI_Default_Blend_DS.uasset" 252
"../../../Engine/Plugins/Interchange/Runtime/Content/gltf/MaterialInstances/MI_Default_Blend_DS.uexp" 253
"../../../Engine/Plugins/Interchange/Runtime/Content/gltf/MaterialInstances/MI_Default_Blend.uasset" 254
"../../../Engine/Plugins/Interchange/Runtime/Content/gltf/MaterialInstances/MI_Default_Blend.uexp" 255
"../../../Engine/Content/Functions/Engine_MaterialFunctions01/Texturing/FlattenNormal.uasset" 256
"../../../Engine/Content/Functions/Engine_MaterialFunctions01/Texturing/FlattenNormal.uexp" 257
"../../../Engine/Plugins/Interchange/Runtime/Content/gltf/MaterialFunctions/MF_Clearcoat.uasset" 258
"../../../Engine/Plugins/Interchange/Runtime/Content/gltf/MaterialFunctions/MF_Clearcoat.uexp" 259
"../../../Engine/Plugins/Interchange/Runtime/Content/gltf/MaterialBodies/MF_ClearCoat_Body.uasset" 260
"../../../Engine/Plugins/Interchange/Runtime/Content/gltf/MaterialBodies/MF_ClearCoat_Body.uexp" 261
"../../../Engine/Plugins/Interchange/Runtime/Content/gltf/M_ClearCoat.uasset" 262
"../../../Engine/Plugins/Interchange/Runtime/Content/gltf/M_ClearCoat.uexp" 263
"../../../Engine/Plugins/Interchange/Runtime/Content/gltf/MaterialInstances/MI_ClearCoat_Opaque_DS.uasset" 264
"../../../Engine/Plugins/Interchange/Runtime/Content/gltf/MaterialInstances/MI_ClearCoat_Opaque_DS.uexp" 265
"../../../Engine/Plugins/Interchange/Runtime/Content/gltf/MaterialInstances/MI_ClearCoat_Opaque.uasset" 266
"../../../Engine/Plugins/Interchange/Runtime/Content/gltf/MaterialInstances/MI_ClearCoat_Opaque.uexp" 267
"../../../Engine/Plugins/Interchange/Runtime/Content/gltf/MaterialInstances/MI_ClearCoat_Mask_DS.uasset" 268
"../../../Engine/Plugins/Interchange/Runtime/Content/gltf/MaterialInstances/MI_ClearCoat_Mask_DS.uexp" 269
"../../../Engine/Plugins/Interchange/Runtime/Content/gltf/MaterialInstances/MI_ClearCoat_Mask.uasset" 270
"../../../Engine/Plugins/Interchange/Runtime/Content/gltf/MaterialInstances/MI_ClearCoat_Mask.uexp" 271
"../../../Engine/Plugins/Interchange/Runtime/Content/gltf/MaterialInstances/MI_ClearCoat_Blend_DS.uasset" 272
"../../../Engine/Plugins/Interchange/Runtime/Content/gltf/MaterialInstances/MI_ClearCoat_Blend_DS.uexp" 273
"../../../Engine/Plugins/Interchange/Runtime/Content/gltf/MaterialInstances/MI_ClearCoat_Blend.uasset" 274
"../../../Engine/Plugins/Interchange/Runtime/Content/gltf/MaterialInstances/MI_ClearCoat_Blend.uexp" 275
"../../../Engine/Plugins/Interchange/Runtime/Content/Functions/MX_UsdPreviewSurface.uasset" 276
"../../../Engine/Plugins/Interchange/Runtime/Content/Functions/MX_UsdPreviewSurface.uexp" 277
"../../../Engine/Plugins/Interchange/Runtime/Content/Functions/MX_UniformEDF.uasset" 278
"../../../Engine/Plugins/Interchange/Runtime/Content/Functions/MX_UniformEDF.uexp" 279
"../../../Engine/Plugins/Interchange/Runtime/Content/Functions/MX_TranslucentBSDF.uasset" 280
"../../../Engine/Plugins/Interchange/Runtime/Content/Functions/MX_TranslucentBSDF.uexp" 281
"../../../Engine/Plugins/Interchange/Runtime/Content/Functions/MX_ThinFilmBSDF.uasset" 282
"../../../Engine/Plugins/Interchange/Runtime/Content/Functions/MX_ThinFilmBSDF.uexp" 283
"../../../Engine/Plugins/Interchange/Runtime/Content/Functions/MX_SurfaceUnlit.uasset" 284
"../../../Engine/Plugins/Interchange/Runtime/Content/Functions/MX_SurfaceUnlit.uexp" 285
"../../../Engine/Plugins/Interchange/Runtime/Content/Functions/MX_Surface.uasset" 286
"../../../Engine/Plugins/Interchange/Runtime/Content/Functions/MX_Surface.uexp" 287
"../../../Engine/Plugins/Interchange/Runtime/Content/Functions/MX_SubsurfaceBSDF.uasset" 288
"../../../Engine/Plugins/Interchange/Runtime/Content/Functions/MX_SubsurfaceBSDF.uexp" 289
"../../../Engine/Plugins/Interchange/Runtime/Content/Functions/MX_SheenBSDF.uasset" 290
"../../../Engine/Plugins/Interchange/Runtime/Content/Functions/MX_SheenBSDF.uexp" 291
"../../../Engine/Plugins/Interchange/Runtime/Content/Functions/MX_OrenNayarBSDF.uasset" 292
"../../../Engine/Plugins/Interchange/Runtime/Content/Functions/MX_OrenNayarBSDF.uexp" 293
"../../../Engine/Content/Functions/Engine_MaterialFunctions01/Volumetrics/BeersLaw.uasset" 294
"../../../Engine/Content/Functions/Engine_MaterialFunctions01/Volumetrics/BeersLaw.uexp" 295
"../../../Engine/Plugins/Interchange/Runtime/Content/Functions/MX_Transmission.uasset" 296
"../../../Engine/Plugins/Interchange/Runtime/Content/Functions/MX_Transmission.uexp" 297
"../../../Engine/Plugins/Interchange/Runtime/Content/Functions/MF_OrenNayerView.uasset" 298
"../../../Engine/Plugins/Interchange/Runtime/Content/Functions/MF_OrenNayerView.uexp" 299
"../../../Engine/Plugins/Interchange/Runtime/Content/Functions/MF_SchlickApprox.uasset" 300
"../../../Engine/Plugins/Interchange/Runtime/Content/Functions/MF_SchlickApprox.uexp" 301
"../../../Engine/Plugins/Interchange/Runtime/Content/Functions/MX_StandardSurface.uasset" 302
"../../../Engine/Plugins/Interchange/Runtime/Content/Functions/MX_StandardSurface.uexp" 303
"../../../Engine/Plugins/Interchange/Runtime/Content/Functions/MX_TransmissionSurface.uasset" 304
"../../../Engine/Plugins/Interchange/Runtime/Content/Functions/MX_TransmissionSurface.uexp" 305
"../../../Engine/Plugins/Interchange/Runtime/Content/Functions/MX_OpenPBR_Translucent.uasset" 306
"../../../Engine/Plugins/Interchange/Runtime/Content/Functions/MX_OpenPBR_Translucent.uexp" 307
"../../../Engine/Plugins/Interchange/Runtime/Content/Functions/MX_OpenPBR_Opaque.uasset" 308
"../../../Engine/Plugins/Interchange/Runtime/Content/Functions/MX_OpenPBR_Opaque.uexp" 309
"../../../Engine/Plugins/Interchange/Runtime/Content/Functions/MX_MeasuredEDF.uasset" 310
"../../../Engine/Plugins/Interchange/Runtime/Content/Functions/MX_MeasuredEDF.uexp" 311
"../../../Engine/Plugins/Interchange/Runtime/Content/Functions/MX_GeneralizedSchlickBSDF.uasset" 312
"../../../Engine/Plugins/Interchange/Runtime/Content/Functions/MX_GeneralizedSchlickBSDF.uexp" 313
"../../../Engine/Plugins/Interchange/Runtime/Content/Functions/MX_DielectricBSDF.uasset" 314
"../../../Engine/Plugins/Interchange/Runtime/Content/Functions/MX_DielectricBSDF.uexp" 315
"../../../Engine/Plugins/Interchange/Runtime/Content/Functions/MX_ConicalEDF.uasset" 316
"../../../Engine/Plugins/Interchange/Runtime/Content/Functions/MX_ConicalEDF.uexp" 317
"../../../Engine/Plugins/Interchange/Runtime/Content/Functions/MX_ConductorBSDF.uasset" 318
"../../../Engine/Plugins/Interchange/Runtime/Content/Functions/MX_ConductorBSDF.uexp" 319
"../../../Engine/Plugins/Interchange/Runtime/Content/Functions/MX_BurleyDiffuseBSDF.uasset" 320
"../../../Engine/Plugins/Interchange/Runtime/Content/Functions/MX_BurleyDiffuseBSDF.uexp" 321
"../../../Engine/Plugins/Interchange/Runtime/Content/Functions/MX_AnisotropicVDF.uasset" 322
"../../../Engine/Plugins/Interchange/Runtime/Content/Functions/MX_AnisotropicVDF.uexp" 323
"../../../Engine/Plugins/Interchange/Runtime/Content/Functions/MX_AbsorptionVDF.uasset" 324
"../../../Engine/Plugins/Interchange/Runtime/Content/Functions/MX_AbsorptionVDF.uexp" 325
"../../../Engine/Plugins/Editor/SpeedTreeImporter/Content/SpeedTree9/game_wind_noise.ubulk" 326
"../../../Engine/Plugins/Editor/SpeedTreeImporter/Content/SpeedTree9/game_wind_noise.uasset" 327
"../../../Engine/Plugins/Editor/SpeedTreeImporter/Content/SpeedTree9/game_wind_noise.uexp" 328
"../../../Engine/Plugins/Editor/SpeedTreeImporter/Content/SpeedTree9/UnpackDirection.uasset" 329
"../../../Engine/Plugins/Editor/SpeedTreeImporter/Content/SpeedTree9/UnpackDirection.uexp" 330
"../../../Engine/Content/Functions/Engine_MaterialFunctions02/ObjectLocalBounds.uasset" 331
"../../../Engine/Content/Functions/Engine_MaterialFunctions02/ObjectLocalBounds.uexp" 332
"../../../Engine/Content/Functions/Engine_MaterialFunctions02/UVs/BoundingBoxBased_0-1_UVW.uasset" 333
"../../../Engine/Content/Functions/Engine_MaterialFunctions02/UVs/BoundingBoxBased_0-1_UVW.uexp" 334
"../../../Engine/Content/Functions/Engine_MaterialFunctions02/Utility/VectorLength.uasset" 335
"../../../Engine/Content/Functions/Engine_MaterialFunctions02/Utility/VectorLength.uexp" 336
"../../../Engine/Plugins/Editor/SpeedTreeImporter/Content/SpeedTree9/UnpackInteger3.uasset" 337
"../../../Engine/Plugins/Editor/SpeedTreeImporter/Content/SpeedTree9/UnpackInteger3.uexp" 338
"../../../Engine/Plugins/Editor/SpeedTreeImporter/Content/SpeedTree9/SpeedTreeCameraFacing.uasset" 339
"../../../Engine/Plugins/Editor/SpeedTreeImporter/Content/SpeedTree9/SpeedTreeCameraFacing.uexp" 340
"../../../Engine/Content/Functions/Engine_MaterialFunctions02/WorldPositionOffset/ObjectScale.uasset" 341
"../../../Engine/Content/Functions/Engine_MaterialFunctions02/WorldPositionOffset/ObjectScale.uexp" 342
"../../../Engine/Content/Functions/Engine_MaterialFunctions02/SafeNormalize.uasset" 343
"../../../Engine/Content/Functions/Engine_MaterialFunctions02/SafeNormalize.uexp" 344
"../../../Engine/Plugins/Editor/SpeedTreeImporter/Content/SpeedTree9/SpeedTreeWindMotion.uasset" 345
"../../../Engine/Plugins/Editor/SpeedTreeImporter/Content/SpeedTree9/SpeedTreeWindMotion.uexp" 346
"../../../Engine/Plugins/Editor/SpeedTreeImporter/Content/SpeedTree9/SpeedTreeBranchMotion.uasset" 347
"../../../Engine/Plugins/Editor/SpeedTreeImporter/Content/SpeedTree9/SpeedTreeBranchMotion.uexp" 348
"../../../Engine/Plugins/Editor/SpeedTreeImporter/Content/SpeedTree9/SpeedTreeWind.uasset" 349
"../../../Engine/Plugins/Editor/SpeedTreeImporter/Content/SpeedTree9/SpeedTreeWind.uexp" 350
"../../../Engine/Plugins/Editor/SpeedTreeImporter/Content/SpeedTree9/EmptyNormal.uasset" 351
"../../../Engine/Plugins/Editor/SpeedTreeImporter/Content/SpeedTree9/EmptyNormal.uexp" 352
"../../../Engine/Plugins/Editor/SpeedTreeImporter/Content/SpeedTree9/Empty.uasset" 353
"../../../Engine/Plugins/Editor/SpeedTreeImporter/Content/SpeedTree9/Empty.uexp" 354
"../../../Engine/Plugins/Editor/SpeedTreeImporter/Content/SpeedTree9/SpeedTreeMaster.uasset" 355
"../../../Engine/Plugins/Editor/SpeedTreeImporter/Content/SpeedTree9/SpeedTreeMaster.uexp" 356
"../../../Engine/Plugins/Editor/SpeedTreeImporter/Content/SpeedTree9/SpeedTreeBillboard.uasset" 357
"../../../Engine/Plugins/Editor/SpeedTreeImporter/Content/SpeedTree9/SpeedTreeBillboard.uexp" 358
"../../../Engine/Plugins/Editor/SpeedTreeImporter/Content/SpeedTree9/SpeedTreeBillboardMaster.uasset" 359
"../../../Engine/Plugins/Editor/SpeedTreeImporter/Content/SpeedTree9/SpeedTreeBillboardMaster.uexp" 360
"../../../Engine/Content/Functions/Engine_MaterialFunctions02/WorldPositionOffset/CameraOffset.uasset" 361
"../../../Engine/Content/Functions/Engine_MaterialFunctions02/WorldPositionOffset/CameraOffset.uexp" 362
"../../../Engine/Plugins/Animation/ControlRig/Content/M_Manip.uasset" 363
"../../../Engine/Plugins/Animation/ControlRig/Content/M_Manip.uexp" 364
"../../../Engine/Plugins/Animation/ControlRig/Content/Controls/DefaultGizmoLibraryNormalized.uasset" 365
"../../../Engine/Plugins/Animation/ControlRig/Content/Controls/DefaultGizmoLibraryNormalized.uexp" 366
"../../../Engine/Plugins/Animation/ControlRig/Content/Controls/ControlRig_Wedge_solid.uasset" 367
"../../../Engine/Plugins/Animation/ControlRig/Content/Controls/ControlRig_Wedge_solid.uexp" 368
"../../../Engine/Plugins/Animation/ControlRig/Content/Controls/ControlRig_Wedge_3mm.uasset" 369
"../../../Engine/Plugins/Animation/ControlRig/Content/Controls/ControlRig_Wedge_3mm.uexp" 370
"../../../Engine/Plugins/Animation/ControlRig/Content/Controls/ControlRig_Wedge_1mm.uasset" 371
"../../../Engine/Plugins/Animation/ControlRig/Content/Controls/ControlRig_Wedge_1mm.uexp" 372
"../../../Engine/Plugins/Animation/ControlRig/Content/Controls/ControlRig_Triangle_solid.uasset" 373
"../../../Engine/Plugins/Animation/ControlRig/Content/Controls/ControlRig_Triangle_solid.uexp" 374
"../../../Engine/Plugins/Animation/ControlRig/Content/Controls/ControlRig_Triangle_3mm.uasset" 375
"../../../Engine/Plugins/Animation/ControlRig/Content/Controls/ControlRig_Triangle_3mm.uexp" 376
"../../../Engine/Plugins/Animation/ControlRig/Content/Controls/ControlRig_Triangle_1mm.uasset" 377
"../../../Engine/Plugins/Animation/ControlRig/Content/Controls/ControlRig_Triangle_1mm.uexp" 378
"../../../Engine/Plugins/Animation/ControlRig/Content/Controls/ControlRig_Star4_solid.uasset" 379
"../../../Engine/Plugins/Animation/ControlRig/Content/Controls/ControlRig_Star4_solid.uexp" 380
"../../../Engine/Plugins/Animation/ControlRig/Content/Controls/ControlRig_Star4_3mm.uasset" 381
"../../../Engine/Plugins/Animation/ControlRig/Content/Controls/ControlRig_Star4_3mm.uexp" 382
"../../../Engine/Plugins/Animation/ControlRig/Content/Controls/ControlRig_Star4_1mm.uasset" 383
"../../../Engine/Plugins/Animation/ControlRig/Content/Controls/ControlRig_Star4_1mm.uexp" 384
"../../../Engine/Plugins/Animation/ControlRig/Content/Controls/ControlRig_Square_solid.uasset" 385
"../../../Engine/Plugins/Animation/ControlRig/Content/Controls/ControlRig_Square_solid.uexp" 386
"../../../Engine/Plugins/Animation/ControlRig/Content/Controls/ControlRig_Square_3mm.uasset" 387
"../../../Engine/Plugins/Animation/ControlRig/Content/Controls/ControlRig_Square_3mm.uexp" 388
"../../../Engine/Plugins/Animation/ControlRig/Content/Controls/ControlRig_Square_1mm.uasset" 389
"../../../Engine/Plugins/Animation/ControlRig/Content/Controls/ControlRig_Square_1mm.uexp" 390
"../../../Engine/Plugins/Animation/ControlRig/Content/Controls/ControlRig_Sphere_solid.uasset" 391
"../../../Engine/Plugins/Animation/ControlRig/Content/Controls/ControlRig_Sphere_solid.uexp" 392
"../../../Engine/Plugins/Animation/ControlRig/Content/Controls/ControlRig_Sphere_3mm.uasset" 393
"../../../Engine/Plugins/Animation/ControlRig/Content/Controls/ControlRig_Sphere_3mm.uexp" 394
"../../../Engine/Plugins/Animation/ControlRig/Content/Controls/ControlRig_Sphere_1mm.uasset" 395
"../../../Engine/Plugins/Animation/ControlRig/Content/Controls/ControlRig_Sphere_1mm.uexp" 396
"../../../Engine/Plugins/Animation/ControlRig/Content/Controls/ControlRig_RoundedTriangle_solid.uasset" 397
"../../../Engine/Plugins/Animation/ControlRig/Content/Controls/ControlRig_RoundedTriangle_solid.uexp" 398
"../../../Engine/Plugins/Animation/ControlRig/Content/Controls/ControlRig_RoundedTriangle_3mm.uasset" 399
"../../../Engine/Plugins/Animation/ControlRig/Content/Controls/ControlRig_RoundedTriangle_3mm.uexp" 400
"../../../Engine/Plugins/Animation/ControlRig/Content/Controls/ControlRig_RoundedTriangle_1mm.uasset" 401
"../../../Engine/Plugins/Animation/ControlRig/Content/Controls/ControlRig_RoundedTriangle_1mm.uexp" 402
"../../../Engine/Plugins/Animation/ControlRig/Content/Controls/ControlRig_RoundedSquare_solid.uasset" 403
"../../../Engine/Plugins/Animation/ControlRig/Content/Controls/ControlRig_RoundedSquare_solid.uexp" 404
"../../../Engine/Plugins/Animation/ControlRig/Content/Controls/ControlRig_RoundedSquare_3mm.uasset" 405
"../../../Engine/Plugins/Animation/ControlRig/Content/Controls/ControlRig_RoundedSquare_3mm.uexp" 406
"../../../Engine/Plugins/Animation/ControlRig/Content/Controls/ControlRig_RoundedSquare_1mm.uasset" 407
"../../../Engine/Plugins/Animation/ControlRig/Content/Controls/ControlRig_RoundedSquare_1mm.uexp" 408
"../../../Engine/Plugins/Animation/ControlRig/Content/Controls/ControlRig_QuarterCircle_solid.uasset" 409
"../../../Engine/Plugins/Animation/ControlRig/Content/Controls/ControlRig_QuarterCircle_solid.uexp" 410
"../../../Engine/Plugins/Animation/ControlRig/Content/Controls/ControlRig_QuarterCircle_3mm.uasset" 411
"../../../Engine/Plugins/Animation/ControlRig/Content/Controls/ControlRig_QuarterCircle_3mm.uexp" 412
"../../../Engine/Plugins/Animation/ControlRig/Content/Controls/ControlRig_QuarterCircle_1mm.uasset" 413
"../../../Engine/Plugins/Animation/ControlRig/Content/Controls/ControlRig_QuarterCircle_1mm.uexp" 414
"../../../Engine/Plugins/Animation/ControlRig/Content/Controls/ControlRig_Pyramid_solid.uasset" 415
"../../../Engine/Plugins/Animation/ControlRig/Content/Controls/ControlRig_Pyramid_solid.uexp" 416
"../../../Engine/Plugins/Animation/ControlRig/Content/Controls/ControlRig_Pyramid_3mm.uasset" 417
"../../../Engine/Plugins/Animation/ControlRig/Content/Controls/ControlRig_Pyramid_3mm.uexp" 418
"../../../Engine/Plugins/Animation/ControlRig/Content/Controls/ControlRig_Pyramid_1mm.uasset" 419
"../../../Engine/Plugins/Animation/ControlRig/Content/Controls/ControlRig_Pyramid_1mm.uexp" 420
"../../../Engine/Plugins/Animation/ControlRig/Content/Controls/ControlRig_Octagon_solid.uasset" 421
"../../../Engine/Plugins/Animation/ControlRig/Content/Controls/ControlRig_Octagon_solid.uexp" 422
"../../../Engine/Plugins/Animation/ControlRig/Content/Controls/ControlRig_Octagon_3mm.uasset" 423
"../../../Engine/Plugins/Animation/ControlRig/Content/Controls/ControlRig_Octagon_3mm.uexp" 424
"../../../Engine/Plugins/Animation/ControlRig/Content/Controls/ControlRig_Octagon_1mm.uasset" 425
"../../../Engine/Plugins/Animation/ControlRig/Content/Controls/ControlRig_Octagon_1mm.uexp" 426
"../../../Engine/Plugins/Animation/ControlRig/Content/Controls/ControlRig_Hexagon_solid.uasset" 427
"../../../Engine/Plugins/Animation/ControlRig/Content/Controls/ControlRig_Hexagon_solid.uexp" 428
"../../../Engine/Plugins/Animation/ControlRig/Content/Controls/ControlRig_Hexagon_3mm.uasset" 429
"../../../Engine/Plugins/Animation/ControlRig/Content/Controls/ControlRig_Hexagon_3mm.uexp" 430
"../../../Engine/Plugins/Animation/ControlRig/Content/Controls/ControlRig_Hexagon_1mm.uasset" 431
"../../../Engine/Plugins/Animation/ControlRig/Content/Controls/ControlRig_Hexagon_1mm.uexp" 432
"../../../Engine/Plugins/Animation/ControlRig/Content/Controls/ControlRig_HalfCircle_solid.uasset" 433
"../../../Engine/Plugins/Animation/ControlRig/Content/Controls/ControlRig_HalfCircle_solid.uexp" 434
"../../../Engine/Plugins/Animation/ControlRig/Content/Controls/ControlRig_HalfCircle_3mm.uasset" 435
"../../../Engine/Plugins/Animation/ControlRig/Content/Controls/ControlRig_HalfCircle_3mm.uexp" 436
"../../../Engine/Plugins/Animation/ControlRig/Content/Controls/ControlRig_HalfCircle_1mm.uasset" 437
"../../../Engine/Plugins/Animation/ControlRig/Content/Controls/ControlRig_HalfCircle_1mm.uexp" 438
"../../../Engine/Plugins/Animation/ControlRig/Content/Controls/ControlRig_Diamond_solid.uasset" 439
"../../../Engine/Plugins/Animation/ControlRig/Content/Controls/ControlRig_Diamond_solid.uexp" 440
"../../../Engine/Plugins/Animation/ControlRig/Content/Controls/ControlRig_Diamond_3mm.uasset" 441
"../../../Engine/Plugins/Animation/ControlRig/Content/Controls/ControlRig_Diamond_3mm.uexp" 442
"../../../Engine/Plugins/Animation/ControlRig/Content/Controls/ControlRig_Diamond_1mm.uasset" 443
"../../../Engine/Plugins/Animation/ControlRig/Content/Controls/ControlRig_Diamond_1mm.uexp" 444
"../../../Engine/Plugins/Animation/ControlRig/Content/Controls/ControlRig_Circle_solid.uasset" 445
"../../../Engine/Plugins/Animation/ControlRig/Content/Controls/ControlRig_Circle_solid.uexp" 446
"../../../Engine/Plugins/Animation/ControlRig/Content/Controls/ControlRig_Circle_3mm.uasset" 447
"../../../Engine/Plugins/Animation/ControlRig/Content/Controls/ControlRig_Circle_3mm.uexp" 448
"../../../Engine/Plugins/Animation/ControlRig/Content/Controls/ControlRig_Circle_1mm.uasset" 449
"../../../Engine/Plugins/Animation/ControlRig/Content/Controls/ControlRig_Circle_1mm.uexp" 450
"../../../Engine/Plugins/Animation/ControlRig/Content/Controls/ControlRig_Box_solid.uasset" 451
"../../../Engine/Plugins/Animation/ControlRig/Content/Controls/ControlRig_Box_solid.uexp" 452
"../../../Engine/Plugins/Animation/ControlRig/Content/Controls/ControlRig_Box_3mm.uasset" 453
"../../../Engine/Plugins/Animation/ControlRig/Content/Controls/ControlRig_Box_3mm.uexp" 454
"../../../Engine/Plugins/Animation/ControlRig/Content/Controls/ControlRig_Box_1mm.uasset" 455
"../../../Engine/Plugins/Animation/ControlRig/Content/Controls/ControlRig_Box_1mm.uexp" 456
"../../../Engine/Plugins/Animation/ControlRig/Content/Controls/ControlRig_Arrow_solid.uasset" 457
"../../../Engine/Plugins/Animation/ControlRig/Content/Controls/ControlRig_Arrow_solid.uexp" 458
"../../../Engine/Plugins/Animation/ControlRig/Content/Controls/ControlRig_Arrow_3mm.uasset" 459
"../../../Engine/Plugins/Animation/ControlRig/Content/Controls/ControlRig_Arrow_3mm.uexp" 460
"../../../Engine/Plugins/Animation/ControlRig/Content/Controls/ControlRig_Arrow_1mm.uasset" 461
"../../../Engine/Plugins/Animation/ControlRig/Content/Controls/ControlRig_Arrow_1mm.uexp" 462
"../../../Engine/Plugins/Animation/ControlRig/Content/Controls/ControlRig_Arrow4_solid.uasset" 463
"../../../Engine/Plugins/Animation/ControlRig/Content/Controls/ControlRig_Arrow4_solid.uexp" 464
"../../../Engine/Plugins/Animation/ControlRig/Content/Controls/ControlRig_Arrow4_3mm.uasset" 465
"../../../Engine/Plugins/Animation/ControlRig/Content/Controls/ControlRig_Arrow4_3mm.uexp" 466
"../../../Engine/Plugins/Animation/ControlRig/Content/Controls/ControlRig_Arrow4_1mm.uasset" 467
"../../../Engine/Plugins/Animation/ControlRig/Content/Controls/ControlRig_Arrow4_1mm.uexp" 468
"../../../Engine/Plugins/Animation/ControlRig/Content/Controls/ControlRig_Arrow2_solid.uasset" 469
"../../../Engine/Plugins/Animation/ControlRig/Content/Controls/ControlRig_Arrow2_solid.uexp" 470
"../../../Engine/Plugins/Animation/ControlRig/Content/Controls/ControlRig_Arrow2_3mm.uasset" 471
"../../../Engine/Plugins/Animation/ControlRig/Content/Controls/ControlRig_Arrow2_3mm.uexp" 472
"../../../Engine/Plugins/Animation/ControlRig/Content/Controls/ControlRig_Arrow2_1mm.uasset" 473
"../../../Engine/Plugins/Animation/ControlRig/Content/Controls/ControlRig_Arrow2_1mm.uexp" 474
"../../../Engine/Plugins/Animation/ControlRig/Content/Controls/ControlRigXRayMaterial.uasset" 475
"../../../Engine/Plugins/Animation/ControlRig/Content/Controls/ControlRigXRayMaterial.uexp" 476
"../../../Engine/Plugins/Animation/ControlRig/Content/Controls/ControlRigGizmoMaterial.uasset" 477
"../../../Engine/Plugins/Animation/ControlRig/Content/Controls/ControlRigGizmoMaterial.uexp" 478
"../../../Engine/Plugins/Animation/ACLPlugin/Content/ACLAnimCurveCompressionSettings.uasset" 479
"../../../Engine/Plugins/Animation/ACLPlugin/Content/ACLAnimCurveCompressionSettings.uexp" 480
"../../../Engine/Plugins/Animation/ACLPlugin/Content/ACLAnimBoneCompressionSettings.uasset" 481
"../../../Engine/Plugins/Animation/ACLPlugin/Content/ACLAnimBoneCompressionSettings.uexp" 482
"../../../Engine/Plugins/2D/Paper2D/Content/PlaceholderTextures/DummySpriteTexture.ubulk" 483
"../../../Engine/Plugins/2D/Paper2D/Content/PlaceholderTextures/DummySpriteTexture.uasset" 484
"../../../Engine/Plugins/2D/Paper2D/Content/PlaceholderTextures/DummySpriteTexture.uexp" 485
"../../../Engine/Plugins/2D/Paper2D/Content/DefaultSpriteMaterial.uasset" 486
"../../../Engine/Plugins/2D/Paper2D/Content/DefaultSpriteMaterial.uexp" 487
"../../../Engine/Plugins/2D/Paper2D/Content/OpaqueUnlitSpriteMaterial.uasset" 488
"../../../Engine/Plugins/2D/Paper2D/Content/OpaqueUnlitSpriteMaterial.uexp" 489
"../../../Engine/Plugins/2D/Paper2D/Content/MaskedUnlitSpriteMaterial.uasset" 490
"../../../Engine/Plugins/2D/Paper2D/Content/MaskedUnlitSpriteMaterial.uexp" 491
"../../../Engine/Plugins/2D/Paper2D/Content/DummySprite.uasset" 492
"../../../Engine/Plugins/2D/Paper2D/Content/DummySprite.uexp" 493
"../../../Engine/Plugins/2D/Paper2D/Content/DefaultPaperTerrainMaterial.uasset" 494
"../../../Engine/Plugins/2D/Paper2D/Content/DefaultPaperTerrainMaterial.uexp" 495
"../../../Engine/Content/VREditor/TransformGizmo/StartRotationHandleIndicator.uasset" 496
"../../../Engine/Content/VREditor/TransformGizmo/StartRotationHandleIndicator.uexp" 497
"../../../Engine/Content/VREditor/Sounds/UI/Drop_Item_From_ContentBrowser.ubulk" 498
"../../../Engine/Content/VREditor/Sounds/UI/Drop_Item_From_ContentBrowser.uasset" 499
"../../../Engine/Content/VREditor/Sounds/UI/Drop_Item_From_ContentBrowser.uexp" 500
"../../../Engine/Content/VREditor/TransformGizmo/PlaneTranslationHandle.uasset" 501
"../../../Engine/Content/VREditor/TransformGizmo/PlaneTranslationHandle.uexp" 502
"../../../Engine/Content/VREditor/Sounds/UI/Object_Snaps_To_Grid.ubulk" 503
"../../../Engine/Content/VREditor/Sounds/UI/Object_Snaps_To_Grid.uasset" 504
"../../../Engine/Content/VREditor/Sounds/UI/Object_Snaps_To_Grid.uexp" 505
"../../../Engine/Content/VREditor/Sounds/UI/Selection_Changes.ubulk" 506
"../../../Engine/Content/VREditor/Sounds/UI/Selection_Changes.uasset" 507
"../../../Engine/Content/VREditor/Sounds/UI/Selection_Changes.uexp" 508
"../../../Engine/Content/VREditor/Sounds/UI/Object_Snaps_To_Another_Actor.ubulk" 509
"../../../Engine/Content/VREditor/Sounds/UI/Object_Snaps_To_Another_Actor.uasset" 510
"../../../Engine/Content/VREditor/Sounds/UI/Object_Snaps_To_Another_Actor.uexp" 511
"../../../Engine/Content/VREditor/TransformGizmo/TranslucentTransformGizmoMaterial_Inst.uasset" 512
"../../../Engine/Content/VREditor/TransformGizmo/TranslucentTransformGizmoMaterial_Inst.uexp" 513
"../../../Engine/Content/VREditor/TransformGizmo/TransformGizmoFreeRotation.uasset" 514
"../../../Engine/Content/VREditor/TransformGizmo/TransformGizmoFreeRotation.uexp" 515
"../../../Engine/Content/VREditor/Sounds/UI/Scaling_Down.ubulk" 516
"../../../Engine/Content/VREditor/Sounds/UI/Scaling_Down.uasset" 517
"../../../Engine/Content/VREditor/Sounds/UI/Scaling_Down.uexp" 518
"../../../Engine/Content/Functions/Engine_MaterialFunctions02/SplitComponents.uasset" 519
"../../../Engine/Content/Functions/Engine_MaterialFunctions02/SplitComponents.uexp" 520
"../../../Engine/Content/VREditor/SnapGrid/SnapGridMaterial.uasset" 521
"../../../Engine/Content/VREditor/SnapGrid/SnapGridMaterial.uexp" 522
"../../../Engine/Content/VREditor/SnapGrid/SnapGridPlaneMesh.uasset" 523
"../../../Engine/Content/VREditor/SnapGrid/SnapGridPlaneMesh.uexp" 524
"../../../Engine/Content/VREditor/Sounds/UI/Scaling_Up.ubulk" 525
"../../../Engine/Content/VREditor/Sounds/UI/Scaling_Up.uasset" 526
"../../../Engine/Content/VREditor/Sounds/UI/Scaling_Up.uexp" 527
"../../../Engine/Content/VREditor/TransformGizmo/TransformGizmoMaterial_Inst.uasset" 528
"../../../Engine/Content/VREditor/TransformGizmo/TransformGizmoMaterial_Inst.uexp" 529
"../../../Engine/Content/VREditor/Sounds/UI/Gizmo_Handle_Clicked.ubulk" 530
"../../../Engine/Content/VREditor/Sounds/UI/Gizmo_Handle_Clicked.uasset" 531
"../../../Engine/Content/VREditor/Sounds/UI/Gizmo_Handle_Clicked.uexp" 532
"../../../Engine/Content/VREditor/TransformGizmo/RotationHandleQuarter.uasset" 533
"../../../Engine/Content/VREditor/TransformGizmo/RotationHandleQuarter.uexp" 534
"../../../Engine/Content/VREditor/TransformGizmo/TranslateArrowHandle.uasset" 535
"../../../Engine/Content/VREditor/TransformGizmo/TranslateArrowHandle.uexp" 536
"../../../Engine/Content/VREditor/TransformGizmo/RotationHandleIndicator.uasset" 537
"../../../Engine/Content/VREditor/TransformGizmo/RotationHandleIndicator.uexp" 538
"../../../Engine/Content/VREditor/TransformGizmo/UniformScaleHandle.uasset" 539
"../../../Engine/Content/VREditor/TransformGizmo/UniformScaleHandle.uexp" 540
"../../../Engine/Content/VREditor/TransformGizmo/RotationHandleFull.uasset" 541
"../../../Engine/Content/VREditor/TransformGizmo/RotationHandleFull.uexp" 542
"../../../Engine/Content/VREditor/Sounds/UI/Object_PickUp.ubulk" 543
"../../../Engine/Content/VREditor/Sounds/UI/Object_PickUp.uasset" 544
"../../../Engine/Content/VREditor/Sounds/UI/Object_PickUp.uexp" 545
"../../../Engine/Content/MobileResources/HUD/VirtualJoystick_Background.uasset" 546
"../../../Engine/Content/MobileResources/HUD/VirtualJoystick_Background.uexp" 547
"../../../Engine/Content/MobileResources/HUD/VirtualJoystick_Thumb.uasset" 548
"../../../Engine/Content/MobileResources/HUD/VirtualJoystick_Thumb.uexp" 549
"../../../Engine/Content/MobileResources/HUD/DefaultVirtualJoysticks.uasset" 550
"../../../Engine/Content/MobileResources/HUD/DefaultVirtualJoysticks.uexp" 551
"../../../Engine/Content/Functions/Engine_MaterialFunctions01/Shading/PowerToRoughness.uasset" 552
"../../../Engine/Content/Functions/Engine_MaterialFunctions01/Shading/PowerToRoughness.uexp" 553
"../../../Engine/Content/Functions/Engine_MaterialFunctions01/Shading/ConvertFromDiffSpec.uasset" 554
"../../../Engine/Content/Functions/Engine_MaterialFunctions01/Shading/ConvertFromDiffSpec.uexp" 555
"../../../Engine/Content/EngineSounds/Master.uasset" 556
"../../../Engine/Content/EngineSounds/Master.uexp" 557
"../../../Engine/Content/EngineSky/VolumetricClouds/CloudWeatherTexture.uasset" 558
"../../../Engine/Content/EngineSky/VolumetricClouds/CloudWeatherTexture.uexp" 559
"../../../Engine/Content/Functions/Engine_MaterialFunctions02/Utility/MakeFloat2.uasset" 560
"../../../Engine/Content/Functions/Engine_MaterialFunctions02/Utility/MakeFloat2.uexp" 561
"../../../Engine/Content/EngineSky/VolumetricClouds/CloudGradientTexture.uasset" 562
"../../../Engine/Content/EngineSky/VolumetricClouds/CloudGradientTexture.uexp" 563
"../../../Engine/Content/EngineSky/VolumetricClouds/T_NoiseShape64.ubulk" 564
"../../../Engine/Content/EngineSky/VolumetricClouds/T_NoiseShape64.uasset" 565
"../../../Engine/Content/EngineSky/VolumetricClouds/T_NoiseShape64.uexp" 566
"../../../Engine/Content/EngineSky/VolumetricClouds/T_VolumeNoiseShape64.uasset" 567
"../../../Engine/Content/EngineSky/VolumetricClouds/T_VolumeNoiseShape64.uexp" 568
"../../../Engine/Content/EngineSky/VolumetricClouds/T_NoiseErosion.ubulk" 569
"../../../Engine/Content/EngineSky/VolumetricClouds/T_NoiseErosion.uasset" 570
"../../../Engine/Content/EngineSky/VolumetricClouds/T_NoiseErosion.uexp" 571
"../../../Engine/Content/EngineSky/VolumetricClouds/T_VolumeNoiseErosion32.uasset" 572
"../../../Engine/Content/EngineSky/VolumetricClouds/T_VolumeNoiseErosion32.uexp" 573
"../../../Engine/Content/EngineSky/VolumetricClouds/m_SimpleVolumetricCloud.uasset" 574
"../../../Engine/Content/EngineSky/VolumetricClouds/m_SimpleVolumetricCloud.uexp" 575
"../../../Engine/Content/EngineSky/VolumetricClouds/m_SimpleVolumetricCloud_Inst.uasset" 576
"../../../Engine/Content/EngineSky/VolumetricClouds/m_SimpleVolumetricCloud_Inst.uexp" 577
"../../../Engine/Content/EngineResources/FilmGrains/Marcie_Grain_v3_128_M2_000.uasset" 578
"../../../Engine/Content/EngineResources/FilmGrains/Marcie_Grain_v3_128_M2_000.uexp" 579
"../../../Engine/Content/EngineResources/WhiteSquareTexture.uasset" 580
"../../../Engine/Content/EngineResources/WhiteSquareTexture.uexp" 581
"../../../Engine/Content/EngineMaterials/Widget3DPassThrough.uasset" 582
"../../../Engine/Content/EngineMaterials/Widget3DPassThrough.uexp" 583
"../../../Engine/Content/EngineMaterials/Widget3DPassThrough_Translucent.uasset" 584
"../../../Engine/Content/EngineMaterials/Widget3DPassThrough_Translucent.uexp" 585
"../../../Engine/Content/EngineMaterials/Widget3DPassThrough_Translucent_OneSided.uasset" 586
"../../../Engine/Content/EngineMaterials/Widget3DPassThrough_Translucent_OneSided.uexp" 587
"../../../Engine/Content/EngineMaterials/Widget3DPassThrough_Opaque.uasset" 588
"../../../Engine/Content/EngineMaterials/Widget3DPassThrough_Opaque.uexp" 589
"../../../Engine/Content/EngineMaterials/Widget3DPassThrough_Opaque_OneSided.uasset" 590
"../../../Engine/Content/EngineMaterials/Widget3DPassThrough_Opaque_OneSided.uexp" 591
"../../../Engine/Content/EngineMaterials/Widget3DPassThrough_Masked_OneSided.uasset" 592
"../../../Engine/Content/EngineMaterials/Widget3DPassThrough_Masked_OneSided.uexp" 593
"../../../Engine/Content/EngineMaterials/Widget3DPassThrough_Masked.uasset" 594
"../../../Engine/Content/EngineMaterials/Widget3DPassThrough_Masked.uexp" 595
"../../../Engine/Content/EngineMaterials/STBlueNoise_vec2_128x128x64.uasset" 596
"../../../Engine/Content/EngineMaterials/STBlueNoise_vec2_128x128x64.uexp" 597
"../../../Engine/Content/EngineMaterials/STBlueNoise_scalar_128x128x64.uasset" 598
"../../../Engine/Content/EngineMaterials/STBlueNoise_scalar_128x128x64.uexp" 599
"../../../Engine/Content/EngineMaterials/RemoveSurfaceMaterial.uasset" 600
"../../../Engine/Content/EngineMaterials/RemoveSurfaceMaterial.uexp" 601
"../../../Engine/Content/EngineMaterials/DefaultCalibrationGrayscale.uasset" 602
"../../../Engine/Content/EngineMaterials/DefaultCalibrationGrayscale.uexp" 603
"../../../Engine/Content/EngineMaterials/PPM_DefaultCalibrationGrayscale.uasset" 604
"../../../Engine/Content/EngineMaterials/PPM_DefaultCalibrationGrayscale.uexp" 605
"../../../Engine/Content/EngineMaterials/DefaultCalibrationColor.uasset" 606
"../../../Engine/Content/EngineMaterials/DefaultCalibrationColor.uexp" 607
"../../../Engine/Content/EngineMaterials/PPM_DefaultCalibrationColor.uasset" 608
"../../../Engine/Content/EngineMaterials/PPM_DefaultCalibrationColor.uexp" 609
"../../../Engine/Content/EngineMaterials/PhAT_JointLimitMaterial.uasset" 610
"../../../Engine/Content/EngineMaterials/PhAT_JointLimitMaterial.uexp" 611
"../../../Engine/Content/EngineMaterials/NaniteHiddenSectionMaterial.uasset" 612
"../../../Engine/Content/EngineMaterials/NaniteHiddenSectionMaterial.uexp" 613
"../../../Engine/Content/EngineMaterials/InvalidLightmapSettings.ubulk" 614
"../../../Engine/Content/EngineMaterials/InvalidLightmapSettings.uasset" 615
"../../../Engine/Content/EngineMaterials/InvalidLightmapSettings.uexp" 616
"../../../Engine/Content/EngineMaterials/M_InvalidLightmapSettings.uasset" 617
"../../../Engine/Content/EngineMaterials/M_InvalidLightmapSettings.uexp" 618
"../../../Engine/Content/EngineMaterials/GizmoMaterial.uasset" 619
"../../../Engine/Content/EngineMaterials/GizmoMaterial.uexp" 620
"../../../Engine/Content/EngineMaterials/BaseFlattenEmissiveMap_VT.uasset" 621
"../../../Engine/Content/EngineMaterials/BaseFlattenEmissiveMap_VT.uexp" 622
"../../../Engine/Content/EngineMaterials/BaseFlattenGrayscaleMap_VT.uasset" 623
"../../../Engine/Content/EngineMaterials/BaseFlattenGrayscaleMap_VT.uexp" 624
"../../../Engine/Content/EngineMaterials/BaseFlattenLinearColor_VT.uasset" 625
"../../../Engine/Content/EngineMaterials/BaseFlattenLinearColor_VT.uexp" 626
"../../../Engine/Content/EngineMaterials/Black_1x1_EXR_Texture_VT.uasset" 627
"../../../Engine/Content/EngineMaterials/Black_1x1_EXR_Texture_VT.uexp" 628
"../../../Engine/Content/EngineMaterials/BaseFlattenDiffuseMap_VT.uasset" 629
"../../../Engine/Content/EngineMaterials/BaseFlattenDiffuseMap_VT.uexp" 630
"../../../Engine/Content/EngineMaterials/BaseFlattenNormalMap_VT.uasset" 631
"../../../Engine/Content/EngineMaterials/BaseFlattenNormalMap_VT.uexp" 632
"../../../Engine/Content/EngineMaterials/FlattenMaterial_WS_Normal_VT.uasset" 633
"../../../Engine/Content/EngineMaterials/FlattenMaterial_WS_Normal_VT.uexp" 634
"../../../Engine/Content/EngineMaterials/FlattenMaterial_VT.uasset" 635
"../../../Engine/Content/EngineMaterials/FlattenMaterial_VT.uexp" 636
"../../../Engine/Content/EngineMaterials/BaseFlattenNormalMap.uasset" 637
"../../../Engine/Content/EngineMaterials/BaseFlattenNormalMap.uexp" 638
"../../../Engine/Content/EngineMaterials/BaseFlattenGrayscaleMap.uasset" 639
"../../../Engine/Content/EngineMaterials/BaseFlattenGrayscaleMap.uexp" 640
"../../../Engine/Content/EngineMaterials/BaseFlattenDiffuseMap.uasset" 641
"../../../Engine/Content/EngineMaterials/BaseFlattenDiffuseMap.uexp" 642
"../../../Engine/Content/Functions/Engine_MaterialFunctions02/PivotPainter2/Black_1x1_EXR_Texture.uasset" 643
"../../../Engine/Content/Functions/Engine_MaterialFunctions02/PivotPainter2/Black_1x1_EXR_Texture.uexp" 644
"../../../Engine/Content/EngineMaterials/BaseFlattenEmissiveMap.uasset" 645
"../../../Engine/Content/EngineMaterials/BaseFlattenEmissiveMap.uexp" 646
"../../../Engine/Content/EngineMaterials/BaseFlattenLinearColor.uasset" 647
"../../../Engine/Content/EngineMaterials/BaseFlattenLinearColor.uexp" 648
"../../../Engine/Content/EngineMaterials/FlattenMaterial.uasset" 649
"../../../Engine/Content/EngineMaterials/FlattenMaterial.uexp" 650
"../../../Engine/Content/EngineMaterials/DefaultWhiteGrid_Low.uasset" 651
"../../../Engine/Content/EngineMaterials/DefaultWhiteGrid_Low.uexp" 652
"../../../Engine/Content/EngineMaterials/EmissiveMeshMaterial.uasset" 653
"../../../Engine/Content/EngineMaterials/EmissiveMeshMaterial.uexp" 654
"../../../Engine/Content/EngineFonts/RobotoDistanceField.uasset" 655
"../../../Engine/Content/EngineFonts/RobotoDistanceField.uexp" 656
"../../../Engine/Content/EngineMaterials/DefaultTextMaterialOpaque.uasset" 657
"../../../Engine/Content/EngineMaterials/DefaultTextMaterialOpaque.uexp" 658
"../../../Engine/Content/EngineMaterials/DefaultDiffuse.ubulk" 659
"../../../Engine/Content/EngineMaterials/DefaultDiffuse.uasset" 660
"../../../Engine/Content/EngineMaterials/DefaultDiffuse.uexp" 661
"../../../Engine/Content/Functions/Engine_MaterialFunctions02/Utility/BreakOutFloat2Components.uasset" 662
"../../../Engine/Content/Functions/Engine_MaterialFunctions02/Utility/BreakOutFloat2Components.uexp" 663
"../../../Engine/Content/EngineMaterials/DefaultPostProcessMaterial.uasset" 664
"../../../Engine/Content/EngineMaterials/DefaultPostProcessMaterial.uexp" 665
"../../../Engine/Content/EngineMaterials/DefaultPhysicalMaterial.uasset" 666
"../../../Engine/Content/EngineMaterials/DefaultPhysicalMaterial.uexp" 667
"../../../Engine/Content/EngineMaterials/DefaultLightFunctionMaterial.uasset" 668
"../../../Engine/Content/EngineMaterials/DefaultLightFunctionMaterial.uexp" 669
"../../../Engine/Content/EngineMaterials/DefaultDestructiblePhysicalMaterial.uasset" 670
"../../../Engine/Content/EngineMaterials/DefaultDestructiblePhysicalMaterial.uexp" 671
"../../../Engine/Content/EngineMaterials/DefaultDeferredDecalMaterial.uasset" 672
"../../../Engine/Content/EngineMaterials/DefaultDeferredDecalMaterial.uexp" 673
"../../../Engine/Content/EngineMaterials/DefaultBloomKernel.uasset" 674
"../../../Engine/Content/EngineMaterials/DefaultBloomKernel.uexp" 675
"../../../Engine/Content/EngineMaterials/Substrate/Volume/SubstrateSimpleVolumeLUT3D.uasset" 676
"../../../Engine/Content/EngineMaterials/Substrate/Volume/SubstrateSimpleVolumeLUT3D.uexp" 677
"../../../Engine/Content/EngineMaterials/Substrate/Volume/SubstrateSimpleVolumeEnvLUT3D.uasset" 678
"../../../Engine/Content/EngineMaterials/Substrate/Volume/SubstrateSimpleVolumeEnvLUT3D.uexp" 679
"../../../Engine/Content/EngineMaterials/Substrate/GLints2/AGlintTex2dArray2.uasset" 680
"../../../Engine/Content/EngineMaterials/Substrate/GLints2/AGlintTex2dArray2.uexp" 681
"../../../Engine/Content/EngineMaterials/Substrate/GLints/AGlintTex2dArray.uasset" 682
"../../../Engine/Content/EngineMaterials/Substrate/GLints/AGlintTex2dArray.uexp" 683
"../../../Engine/Content/EngineFonts/Faces/RobotoLight.uexp" 684
"../../../Engine/Content/EngineFonts/Faces/RobotoLight.uasset" 685
"../../../Engine/Content/EngineFonts/Faces/RobotoLight.ufont" 686
"../../../Engine/Content/EngineFonts/Faces/RobotoBold.uexp" 687
"../../../Engine/Content/EngineFonts/Faces/RobotoBold.uasset" 688
"../../../Engine/Content/EngineFonts/Faces/RobotoBold.ufont" 689
"../../../Engine/Content/EngineFonts/Faces/RobotoRegular.uexp" 690
"../../../Engine/Content/EngineFonts/Faces/RobotoRegular.uasset" 691
"../../../Engine/Content/EngineFonts/Faces/RobotoRegular.ufont" 692
"../../../Engine/Content/EngineFonts/Faces/DroidSansFallback.uexp" 693
"../../../Engine/Content/EngineFonts/Faces/DroidSansFallback.uasset" 694
"../../../Engine/Content/EngineFonts/Faces/DroidSansFallback.ufont" 695
"../../../Engine/Content/EngineFonts/Faces/RobotoItalic.uexp" 696
"../../../Engine/Content/EngineFonts/Faces/RobotoItalic.uasset" 697
"../../../Engine/Content/EngineFonts/Faces/RobotoItalic.ufont" 698
"../../../Engine/Content/EngineFonts/Faces/RobotoBoldItalic.uexp" 699
"../../../Engine/Content/EngineFonts/Faces/RobotoBoldItalic.uasset" 700
"../../../Engine/Content/EngineFonts/Faces/RobotoBoldItalic.ufont" 701
"../../../Engine/Content/EngineFonts/Roboto.uasset" 702
"../../../Engine/Content/EngineFonts/Roboto.uexp" 703
"../../../Engine/Content/EngineDebugMaterials/VolumeToRender.uasset" 704
"../../../Engine/Content/EngineDebugMaterials/VolumeToRender.uexp" 705
"../../../Engine/Content/EngineDebugMaterials/M_VolumeRenderSphereTracePP.uasset" 706
"../../../Engine/Content/EngineDebugMaterials/M_VolumeRenderSphereTracePP.uexp" 707
"../../../Engine/Content/EngineDebugMaterials/M_SimpleUnlitTranslucent.uasset" 708
"../../../Engine/Content/EngineDebugMaterials/M_SimpleUnlitTranslucent.uexp" 709
"../../../Engine/Content/EngineDebugMaterials/DebugMeshMaterial.uasset" 710
"../../../Engine/Content/EngineDebugMaterials/DebugMeshMaterial.uexp" 711
"../../../Engine/Content/EngineDebugMaterials/DebugEditorMaterial.uasset" 712
"../../../Engine/Content/EngineDebugMaterials/DebugEditorMaterial.uexp" 713
"../../../Engine/Content/EngineDamageTypes/DmgTypeBP_Environmental.uasset" 714
"../../../Engine/Content/EngineDamageTypes/DmgTypeBP_Environmental.uexp" 715
"../../../Engine/Content/EditorResources/S_Terrain.ubulk" 716
"../../../Engine/Content/EditorResources/S_Terrain.uasset" 717
"../../../Engine/Content/EditorResources/S_Terrain.uexp" 718
"../../../Engine/Content/EditorResources/BSPVertex.uasset" 719
"../../../Engine/Content/EditorResources/BSPVertex.uexp" 720
"../../../Engine/Content/EditorResources/SequenceRecorder/RecordingIndicator.uasset" 721
"../../../Engine/Content/EditorResources/SequenceRecorder/RecordingIndicator.uexp" 722
"../../../Engine/Content/EditorResources/SequenceRecorder/Countdown.uasset" 723
"../../../Engine/Content/EditorResources/SequenceRecorder/Countdown.uexp" 724
"../../../Engine/Content/EditorMaterials/PreviewShadowIndicator.ubulk" 725
"../../../Engine/Content/EditorMaterials/PreviewShadowIndicator.uasset" 726
"../../../Engine/Content/EditorMaterials/PreviewShadowIndicator.uexp" 727
"../../../Engine/Content/EditorMaterials/PreviewShadowIndicatorMaterial.uasset" 728
"../../../Engine/Content/EditorMaterials/PreviewShadowIndicatorMaterial.uexp" 729
"../../../Engine/Content/EditorMaterials/PhAT_UnselectedMaterial.uasset" 730
"../../../Engine/Content/EditorMaterials/PhAT_UnselectedMaterial.uexp" 731
"../../../Engine/Content/EditorMaterials/PhAT_NoCollisionMaterial.uasset" 732
"../../../Engine/Content/EditorMaterials/PhAT_NoCollisionMaterial.uexp" 733
"../../../Engine/Content/EditorMaterials/Dataflow/DataflowVertexMaterial.uasset" 734
"../../../Engine/Content/EditorMaterials/Dataflow/DataflowVertexMaterial.uexp" 735
"../../../Engine/Content/EditorLandscapeResources/DefaultAlphaTexture.uasset" 736
"../../../Engine/Content/EditorLandscapeResources/DefaultAlphaTexture.uexp" 737
"../../../Engine/Content/EditorLandscapeResources/DataLayer.uasset" 738
"../../../Engine/Content/EditorLandscapeResources/DataLayer.uexp" 739
"../../../Engine/Content/EngineMaterials/DefaultMaterial.uasset" 740
"../../../Engine/Content/EngineMaterials/DefaultMaterial.uexp" 741
"../../../Engine/Content/BasicShapes/Sphere.uasset" 742
"../../../Engine/Content/BasicShapes/Sphere.uexp" 743
"../../../Engine/Content/BasicShapes/Plane.uasset" 744
"../../../Engine/Content/BasicShapes/Plane.uexp" 745
"../../../Engine/Content/BasicShapes/Cylinder.uasset" 746
"../../../Engine/Content/BasicShapes/Cylinder.uexp" 747
"../../../Engine/Content/BasicShapes/Cube.uasset" 748
"../../../Engine/Content/BasicShapes/Cube.uexp" 749
"../../../Engine/Content/BasicShapes/Cone.uasset" 750
"../../../Engine/Content/BasicShapes/Cone.uexp" 751
"../../../Engine/Content/BasicShapes/BasicShapeMaterial.uasset" 752
"../../../Engine/Content/BasicShapes/BasicShapeMaterial.uexp" 753
"../../../Engine/Content/Animation/DefaultVariableFrameStrippingSettings.uasset" 754
"../../../Engine/Content/Animation/DefaultVariableFrameStrippingSettings.uexp" 755
"../../../Engine/Content/Animation/DefaultRecorderBoneCompression.uasset" 756
"../../../Engine/Content/Animation/DefaultRecorderBoneCompression.uexp" 757
"../../../Engine/Plugins/2D/Paper2D/Content/TranslucentUnlitSpriteMaterial.uasset" 758
"../../../Engine/Plugins/2D/Paper2D/Content/TranslucentUnlitSpriteMaterial.uexp" 759
"D:/UE/workspace/UE_2D_AVG_1/Content/Assets/Environment/Textures/T_DragonRoadPadded.ubulk" 760
"D:/UE/workspace/UE_2D_AVG_1/Content/Assets/Environment/Textures/T_DragonRoadPadded.uasset" 761
"D:/UE/workspace/UE_2D_AVG_1/Content/Assets/Environment/Textures/T_DragonRoadPadded.uexp" 762
"D:/UE/workspace/UE_2D_AVG_1/Content/Assets/Environment/TS_DragonRoad_TileSet.uasset" 763
"D:/UE/workspace/UE_2D_AVG_1/Content/Assets/Environment/TS_DragonRoad_TileSet.uexp" 764
"D:/UE/workspace/UE_2D_AVG_1/Content/Assets/Environment/Textures/T_DragonRoad_BGPadded.ubulk" 765
"D:/UE/workspace/UE_2D_AVG_1/Content/Assets/Environment/Textures/T_DragonRoad_BGPadded.uasset" 766
"D:/UE/workspace/UE_2D_AVG_1/Content/Assets/Environment/Textures/T_DragonRoad_BGPadded.uexp" 767
"D:/UE/workspace/UE_2D_AVG_1/Content/Assets/Environment/TS_DragonRoad_BG_TileSet.uasset" 768
"D:/UE/workspace/UE_2D_AVG_1/Content/Assets/Environment/TS_DragonRoad_BG_TileSet.uexp" 769
"D:/UE/workspace/UE_2D_AVG_1/Content/Assets/Environment/TM_DragonRoad.uasset" 770
"D:/UE/workspace/UE_2D_AVG_1/Content/Assets/Environment/TM_DragonRoad.uexp" 771
"D:/UE/workspace/UE_2D_AVG_1/Content/UI/Buttons/BTN_RedSquare.uasset" 772
"D:/UE/workspace/UE_2D_AVG_1/Content/UI/Buttons/BTN_RedSquare.uexp" 773
"D:/UE/workspace/UE_2D_AVG_1/Content/UI/Images/IMG_Serena.uasset" 774
"D:/UE/workspace/UE_2D_AVG_1/Content/UI/Images/IMG_Serena.uexp" 775
"D:/UE/workspace/UE_2D_AVG_1/Content/UI/Buttons/BTN_BlackSquare_Flat.uasset" 776
"D:/UE/workspace/UE_2D_AVG_1/Content/UI/Buttons/BTN_BlackSquare_Flat.uexp" 777
"D:/UE/workspace/UE_2D_AVG_1/Content/Blueprints/Interfaces/INT_PlayerController.uasset" 778
"D:/UE/workspace/UE_2D_AVG_1/Content/Blueprints/Interfaces/INT_PlayerController.uexp" 779
"D:/UE/workspace/UE_2D_AVG_1/Content/UI/Backgrounds/BG_CharacterSelection.uasset" 780
"D:/UE/workspace/UE_2D_AVG_1/Content/UI/Backgrounds/BG_CharacterSelection.uexp" 781
"D:/UE/workspace/UE_2D_AVG_1/Content/UI/Images/IMG_Luke.uasset" 782
"D:/UE/workspace/UE_2D_AVG_1/Content/UI/Images/IMG_Luke.uexp" 783
"D:/UE/workspace/UE_2D_AVG_1/Content/Assets/Characters/Serena/Textures/T_Idle.uasset" 784
"D:/UE/workspace/UE_2D_AVG_1/Content/Assets/Characters/Serena/Textures/T_Idle.uexp" 785
"D:/UE/workspace/UE_2D_AVG_1/Content/Assets/Characters/Serena/Textures/S_Idle_02.uasset" 786
"D:/UE/workspace/UE_2D_AVG_1/Content/Assets/Characters/Serena/Textures/S_Idle_02.uexp" 787
"D:/UE/workspace/UE_2D_AVG_1/Content/Assets/Characters/Serena/Textures/S_Idle_04.uasset" 788
"D:/UE/workspace/UE_2D_AVG_1/Content/Assets/Characters/Serena/Textures/S_Idle_04.uexp" 789
"D:/UE/workspace/UE_2D_AVG_1/Content/Assets/Characters/Serena/Textures/S_Idle_03.uasset" 790
"D:/UE/workspace/UE_2D_AVG_1/Content/Assets/Characters/Serena/Textures/S_Idle_03.uexp" 791
"D:/UE/workspace/UE_2D_AVG_1/Content/Assets/Characters/Serena/Textures/S_Idle_01.uasset" 792
"D:/UE/workspace/UE_2D_AVG_1/Content/Assets/Characters/Serena/Textures/S_Idle_01.uexp" 793
"D:/UE/workspace/UE_2D_AVG_1/Content/Assets/Characters/Serena/FB_Idle.uasset" 794
"D:/UE/workspace/UE_2D_AVG_1/Content/Assets/Characters/Serena/FB_Idle.uexp" 795
"D:/UE/workspace/UE_2D_AVG_1/Content/Assets/Characters/Serena/Textures/T_Run.uasset" 796
"D:/UE/workspace/UE_2D_AVG_1/Content/Assets/Characters/Serena/Textures/T_Run.uexp" 797
"D:/UE/workspace/UE_2D_AVG_1/Content/Assets/Characters/Serena/Textures/S_Run_03.uasset" 798
"D:/UE/workspace/UE_2D_AVG_1/Content/Assets/Characters/Serena/Textures/S_Run_03.uexp" 799
"D:/UE/workspace/UE_2D_AVG_1/Content/Assets/Characters/Serena/Textures/S_Run_01.uasset" 800
"D:/UE/workspace/UE_2D_AVG_1/Content/Assets/Characters/Serena/Textures/S_Run_01.uexp" 801
"D:/UE/workspace/UE_2D_AVG_1/Content/Assets/Characters/Serena/Textures/S_Run_04.uasset" 802
"D:/UE/workspace/UE_2D_AVG_1/Content/Assets/Characters/Serena/Textures/S_Run_04.uexp" 803
"D:/UE/workspace/UE_2D_AVG_1/Content/Assets/Characters/Serena/Textures/S_Run_02.uasset" 804
"D:/UE/workspace/UE_2D_AVG_1/Content/Assets/Characters/Serena/Textures/S_Run_02.uexp" 805
"D:/UE/workspace/UE_2D_AVG_1/Content/Assets/Characters/Serena/FB_Run.uasset" 806
"D:/UE/workspace/UE_2D_AVG_1/Content/Assets/Characters/Serena/FB_Run.uexp" 807
"D:/UE/workspace/UE_2D_AVG_1/Content/Assets/Characters/Serena/Textures/T_Jump.uasset" 808
"D:/UE/workspace/UE_2D_AVG_1/Content/Assets/Characters/Serena/Textures/T_Jump.uexp" 809
"D:/UE/workspace/UE_2D_AVG_1/Content/Assets/Characters/Serena/Textures/S_Jump.uasset" 810
"D:/UE/workspace/UE_2D_AVG_1/Content/Assets/Characters/Serena/Textures/S_Jump.uexp" 811
"D:/UE/workspace/UE_2D_AVG_1/Content/Assets/Characters/Serena/FB_Jump.uasset" 812
"D:/UE/workspace/UE_2D_AVG_1/Content/Assets/Characters/Serena/FB_Jump.uexp" 813
"D:/UE/workspace/UE_2D_AVG_1/Content/Blueprints/Structs/ST_PlayerInfo.uasset" 814
"D:/UE/workspace/UE_2D_AVG_1/Content/Blueprints/Structs/ST_PlayerInfo.uexp" 815
"D:/UE/workspace/UE_2D_AVG_1/Content/Blueprints/Interfaces/INT_GameMode.uasset" 816
"D:/UE/workspace/UE_2D_AVG_1/Content/Blueprints/Interfaces/INT_GameMode.uexp" 817
"D:/UE/workspace/UE_2D_AVG_1/Content/Blueprints/Enums/E_MovementState.uasset" 818
"D:/UE/workspace/UE_2D_AVG_1/Content/Blueprints/Enums/E_MovementState.uexp" 819
"D:/UE/workspace/UE_2D_AVG_1/Content/Blueprints/Interfaces/INT_PlayerBase.uasset" 820
"D:/UE/workspace/UE_2D_AVG_1/Content/Blueprints/Interfaces/INT_PlayerBase.uexp" 821
"D:/UE/workspace/UE_2D_AVG_1/Content/Blueprints/Player/BP_PlayerBase.uasset" 822
"D:/UE/workspace/UE_2D_AVG_1/Content/Blueprints/Player/BP_PlayerBase.uexp" 823
"D:/UE/workspace/UE_2D_AVG_1/Content/Audio/SFX_Jump.ubulk" 824
"D:/UE/workspace/UE_2D_AVG_1/Content/Audio/SFX_Jump.uasset" 825
"D:/UE/workspace/UE_2D_AVG_1/Content/Audio/SFX_Jump.uexp" 826
"D:/UE/workspace/UE_2D_AVG_1/Content/Audio/SC_Jump.uasset" 827
"D:/UE/workspace/UE_2D_AVG_1/Content/Audio/SC_Jump.uexp" 828
"D:/UE/workspace/UE_2D_AVG_1/Content/Blueprints/Player/BP_Serena.uasset" 829
"D:/UE/workspace/UE_2D_AVG_1/Content/Blueprints/Player/BP_Serena.uexp" 830
"D:/UE/workspace/UE_2D_AVG_1/Content/UI/Fonts/SourceSansPro-Bold.uexp" 831
"D:/UE/workspace/UE_2D_AVG_1/Content/UI/Fonts/SourceSansPro-Bold.uasset" 832
"D:/UE/workspace/UE_2D_AVG_1/Content/UI/Fonts/SourceSansPro-Bold.ufont" 833
"D:/UE/workspace/UE_2D_AVG_1/Content/UI/Fonts/SourceSansPro-Bold_Font.uasset" 834
"D:/UE/workspace/UE_2D_AVG_1/Content/UI/Fonts/SourceSansPro-Bold_Font.uexp" 835
"D:/UE/workspace/UE_2D_AVG_1/Content/UI/Buttons/BTN_PurpleSquare_Flat.uasset" 836
"D:/UE/workspace/UE_2D_AVG_1/Content/UI/Buttons/BTN_PurpleSquare_Flat.uexp" 837
"D:/UE/workspace/UE_2D_AVG_1/Content/UI/Buttons/BTN_BlueSquare_Flat.uasset" 838
"D:/UE/workspace/UE_2D_AVG_1/Content/UI/Buttons/BTN_BlueSquare_Flat.uexp" 839
"D:/UE/workspace/UE_2D_AVG_1/Content/Assets/Characters/Luke/Textsures/T_Jump.uasset" 840
"D:/UE/workspace/UE_2D_AVG_1/Content/Assets/Characters/Luke/Textsures/T_Jump.uexp" 841
"D:/UE/workspace/UE_2D_AVG_1/Content/Assets/Characters/Luke/Textsures/S_Jump.uasset" 842
"D:/UE/workspace/UE_2D_AVG_1/Content/Assets/Characters/Luke/Textsures/S_Jump.uexp" 843
"D:/UE/workspace/UE_2D_AVG_1/Content/Assets/Characters/Luke/FB_Jump.uasset" 844
"D:/UE/workspace/UE_2D_AVG_1/Content/Assets/Characters/Luke/FB_Jump.uexp" 845
"D:/UE/workspace/UE_2D_AVG_1/Content/Assets/Characters/Luke/Textsures/T_Idle.uasset" 846
"D:/UE/workspace/UE_2D_AVG_1/Content/Assets/Characters/Luke/Textsures/T_Idle.uexp" 847
"D:/UE/workspace/UE_2D_AVG_1/Content/Assets/Characters/Luke/Textsures/S_Idle_03.uasset" 848
"D:/UE/workspace/UE_2D_AVG_1/Content/Assets/Characters/Luke/Textsures/S_Idle_03.uexp" 849
"D:/UE/workspace/UE_2D_AVG_1/Content/Assets/Characters/Luke/Textsures/S_Idle_02.uasset" 850
"D:/UE/workspace/UE_2D_AVG_1/Content/Assets/Characters/Luke/Textsures/S_Idle_02.uexp" 851
"D:/UE/workspace/UE_2D_AVG_1/Content/Assets/Characters/Luke/Textsures/S_Idle_04.uasset" 852
"D:/UE/workspace/UE_2D_AVG_1/Content/Assets/Characters/Luke/Textsures/S_Idle_04.uexp" 853
"D:/UE/workspace/UE_2D_AVG_1/Content/Assets/Characters/Luke/Textsures/S_Idle_01.uasset" 854
"D:/UE/workspace/UE_2D_AVG_1/Content/Assets/Characters/Luke/Textsures/S_Idle_01.uexp" 855
"D:/UE/workspace/UE_2D_AVG_1/Content/Assets/Characters/Luke/FB_Idle.uasset" 856
"D:/UE/workspace/UE_2D_AVG_1/Content/Assets/Characters/Luke/FB_Idle.uexp" 857
"D:/UE/workspace/UE_2D_AVG_1/Content/Assets/Characters/Luke/Textsures/T_Run.uasset" 858
"D:/UE/workspace/UE_2D_AVG_1/Content/Assets/Characters/Luke/Textsures/T_Run.uexp" 859
"D:/UE/workspace/UE_2D_AVG_1/Content/Assets/Characters/Luke/Textsures/S_Run_01.uasset" 860
"D:/UE/workspace/UE_2D_AVG_1/Content/Assets/Characters/Luke/Textsures/S_Run_01.uexp" 861
"D:/UE/workspace/UE_2D_AVG_1/Content/Assets/Characters/Luke/Textsures/S_Run_03.uasset" 862
"D:/UE/workspace/UE_2D_AVG_1/Content/Assets/Characters/Luke/Textsures/S_Run_03.uexp" 863
"D:/UE/workspace/UE_2D_AVG_1/Content/Assets/Characters/Luke/Textsures/S_Run_02.uasset" 864
"D:/UE/workspace/UE_2D_AVG_1/Content/Assets/Characters/Luke/Textsures/S_Run_02.uexp" 865
"D:/UE/workspace/UE_2D_AVG_1/Content/Assets/Characters/Luke/Textsures/S_Run_04.uasset" 866
"D:/UE/workspace/UE_2D_AVG_1/Content/Assets/Characters/Luke/Textsures/S_Run_04.uexp" 867
"D:/UE/workspace/UE_2D_AVG_1/Content/Assets/Characters/Luke/FB_Run.uasset" 868
"D:/UE/workspace/UE_2D_AVG_1/Content/Assets/Characters/Luke/FB_Run.uexp" 869
"D:/UE/workspace/UE_2D_AVG_1/Content/Blueprints/Player/BP_Luke.uasset" 870
"D:/UE/workspace/UE_2D_AVG_1/Content/Blueprints/Player/BP_Luke.uexp" 871
"D:/UE/workspace/UE_2D_AVG_1/Content/UI/WB_CharacterSelection.uasset" 872
"D:/UE/workspace/UE_2D_AVG_1/Content/UI/WB_CharacterSelection.uexp" 873
"D:/UE/workspace/UE_2D_AVG_1/Content/Blueprints/PC_Maplestory.uasset" 874
"D:/UE/workspace/UE_2D_AVG_1/Content/Blueprints/PC_Maplestory.uexp" 875
"D:/UE/workspace/UE_2D_AVG_1/Content/Blueprints/GM_Maplestory.uasset" 876
"D:/UE/workspace/UE_2D_AVG_1/Content/Blueprints/GM_Maplestory.uexp" 877
"D:/UE/workspace/UE_2D_AVG_1/Content/Maps/MAP_Main.uexp" 878
"D:/UE/workspace/UE_2D_AVG_1/Content/Maps/MAP_Main.umap" 879
"../../../Engine/Content/Maps/Entry_BuiltData.uasset" 880
"../../../Engine/Content/Maps/Entry_BuiltData.uexp" 881
"../../../Engine/Content/Maps/Entry.uexp" 882
"../../../Engine/Content/Maps/Entry.umap" 883
